stm32f4xx_hal_uart.c:709:13:HAL_UART_MspInit	0	static
stm32f4xx_hal_uart.c:356:19:HAL_UART_Init	16	static
stm32f4xx_hal_uart.c:433:19:HAL_HalfDuplex_Init	16	static
stm32f4xx_hal_uart.c:506:19:HAL_LIN_Init	24	static
stm32f4xx_hal_uart.c:587:19:HAL_MultiProcessor_Init	24	static
stm32f4xx_hal_uart.c:724:13:HAL_UART_MspDeInit	0	static
stm32f4xx_hal_uart.c:664:19:HAL_UART_DeInit	8	static
stm32f4xx_hal_uart.c:1135:19:HAL_UART_Transmit	32	static,ignoring_inline_asm
stm32f4xx_hal_uart.c:1223:19:HAL_UART_Receive	32	static,ignoring_inline_asm
stm32f4xx_hal_uart.c:1314:19:HAL_UART_Transmit_IT	8	static
stm32f4xx_hal_uart.c:1359:19:HAL_UART_Receive_IT	8	static
stm32f4xx_hal_uart.c:1394:19:HAL_UART_Transmit_DMA	24	static,ignoring_inline_asm
stm32f4xx_hal_uart.c:1492:19:HAL_UART_DMAPause	0	static,ignoring_inline_asm
stm32f4xx_hal_uart.c:1529:19:HAL_UART_DMAResume	8	static,ignoring_inline_asm
stm32f4xx_hal_uart.c:1565:19:HAL_UART_DMAStop	8	static,ignoring_inline_asm
stm32f4xx_hal_uart.c:1620:19:HAL_UARTEx_ReceiveToIdle	40	static
stm32f4xx_hal_uart.c:1747:19:HAL_UARTEx_ReceiveToIdle_IT	16	static,ignoring_inline_asm
stm32f4xx_hal_uart.c:1865:19:HAL_UART_Abort	8	static,ignoring_inline_asm
stm32f4xx_hal_uart.c:1954:19:HAL_UART_AbortTransmit	8	static,ignoring_inline_asm
stm32f4xx_hal_uart.c:2005:19:HAL_UART_AbortReceive	8	static,ignoring_inline_asm
stm32f4xx_hal_uart.c:2588:13:HAL_UART_TxCpltCallback	0	static
stm32f4xx_hal_uart.c:2982:13:UART_DMATransmitCplt	8	static,ignoring_inline_asm
stm32f4xx_hal_uart.c:2603:13:HAL_UART_TxHalfCpltCallback	0	static
stm32f4xx_hal_uart.c:3017:13:UART_DMATxHalfCplt	8	static
stm32f4xx_hal_uart.c:2618:13:HAL_UART_RxCpltCallback	0	static
stm32f4xx_hal_uart.c:2633:13:HAL_UART_RxHalfCpltCallback	0	static
stm32f4xx_hal_uart.c:2648:13:HAL_UART_ErrorCallback	0	static
stm32f4xx_hal_uart.c:3128:13:UART_DMAError	8	static,ignoring_inline_asm
stm32f4xx_hal_uart.c:3331:13:UART_DMAAbortOnError	8	static
stm32f4xx_hal_uart.c:2662:13:HAL_UART_AbortCpltCallback	0	static
stm32f4xx_hal_uart.c:2066:19:HAL_UART_Abort_IT	16	static,ignoring_inline_asm
stm32f4xx_hal_uart.c:3401:13:UART_DMARxAbortCallback	8	static
stm32f4xx_hal_uart.c:3355:13:UART_DMATxAbortCallback	8	static
stm32f4xx_hal_uart.c:2677:13:HAL_UART_AbortTransmitCpltCallback	0	static
stm32f4xx_hal_uart.c:2201:19:HAL_UART_AbortTransmit_IT	8	static,ignoring_inline_asm
stm32f4xx_hal_uart.c:3447:13:UART_DMATxOnlyAbortCallback	8	static
stm32f4xx_hal_uart.c:2692:13:HAL_UART_AbortReceiveCpltCallback	0	static
stm32f4xx_hal_uart.c:2278:19:HAL_UART_AbortReceive_IT	8	static,ignoring_inline_asm
stm32f4xx_hal_uart.c:3475:13:UART_DMARxOnlyAbortCallback	8	static
stm32f4xx_hal_uart.c:2709:13:HAL_UARTEx_RxEventCallback	0	static
stm32f4xx_hal_uart.c:3566:26:UART_Receive_IT.part.0	16	static,ignoring_inline_asm
stm32f4xx_hal_uart.c:2356:6:HAL_UART_IRQHandler	24	static,ignoring_inline_asm
stm32f4xx_hal_uart.c:3093:13:UART_DMARxHalfCplt	8	static
stm32f4xx_hal_uart.c:3036:13:UART_DMAReceiveCplt	8	static,ignoring_inline_asm
stm32f4xx_hal_uart.c:2749:19:HAL_LIN_SendBreak	4	static,ignoring_inline_asm
stm32f4xx_hal_uart.c:2776:19:HAL_MultiProcessor_EnterMuteMode	4	static,ignoring_inline_asm
stm32f4xx_hal_uart.c:2803:19:HAL_MultiProcessor_ExitMuteMode	4	static,ignoring_inline_asm
stm32f4xx_hal_uart.c:2830:19:HAL_HalfDuplex_EnableTransmitter	4	static
stm32f4xx_hal_uart.c:2865:19:HAL_HalfDuplex_EnableReceiver	4	static
stm32f4xx_hal_uart.c:2922:23:HAL_UART_GetState	0	static
stm32f4xx_hal_uart.c:2937:10:HAL_UART_GetError	0	static
stm32f4xx_hal_uart.c:3208:19:UART_Start_Receive_IT	8	static
stm32f4xx_hal_uart.c:3243:19:UART_Start_Receive_DMA	32	static,ignoring_inline_asm
stm32f4xx_hal_uart.c:1462:19:HAL_UART_Receive_DMA	12	static
stm32f4xx_hal_uart.c:1808:19:HAL_UARTEx_ReceiveToIdle_DMA	24	static,ignoring_inline_asm
