stm32f4xx_hal_i2s.c:539:13:HAL_I2S_MspInit	0	static
stm32f4xx_hal_i2s.c:265:19:HAL_I2S_Init	24	static
stm32f4xx_hal_i2s.c:555:13:HAL_I2S_MspDeInit	0	static
stm32f4xx_hal_i2s.c:495:19:HAL_I2S_DeInit	8	static
stm32f4xx_hal_i2s.c:842:19:HAL_I2S_Transmit	40	static
stm32f4xx_hal_i2s.c:961:19:HAL_I2S_Receive	40	static
stm32f4xx_hal_i2s.c:1059:19:HAL_I2S_Transmit_IT	8	static
stm32f4xx_hal_i2s.c:1125:19:HAL_I2S_Receive_IT	8	static
stm32f4xx_hal_i2s.c:1189:19:HAL_I2S_Transmit_DMA	16	static
stm32f4xx_hal_i2s.c:1280:19:HAL_I2S_Receive_DMA	24	static
stm32f4xx_hal_i2s.c:1369:19:HAL_I2S_DMAPause	4	static
stm32f4xx_hal_i2s.c:1409:19:HAL_I2S_DMAResume	4	static
stm32f4xx_hal_i2s.c:1463:19:HAL_I2S_DMAStop	48	static
stm32f4xx_hal_i2s.c:1661:6:HAL_I2S_IRQHandler	0	static
stm32f4xx_hal_i2s.c:1673:13:HAL_I2S_TxHalfCpltCallback	0	static
stm32f4xx_hal_i2s.c:1831:13:I2S_DMATxHalfCplt	8	static
stm32f4xx_hal_i2s.c:1689:13:HAL_I2S_TxCpltCallback	0	static
stm32f4xx_hal_i2s.c:1804:13:I2S_DMATxCplt	8	static
stm32f4xx_hal_i2s.c:1705:13:HAL_I2S_RxHalfCpltCallback	0	static
stm32f4xx_hal_i2s.c:1875:13:I2S_DMARxHalfCplt	8	static
stm32f4xx_hal_i2s.c:1721:13:HAL_I2S_RxCpltCallback	0	static
stm32f4xx_hal_i2s.c:1849:13:I2S_DMARxCplt	8	static
stm32f4xx_hal_i2s.c:1737:13:HAL_I2S_ErrorCallback	0	static
stm32f4xx_hal_i2s.c:1976:13:I2S_IRQHandler	24	static
stm32f4xx_hal_i2s.c:1893:13:I2S_DMAError	8	static
stm32f4xx_hal_i2s.c:1772:22:HAL_I2S_GetState	0	static
stm32f4xx_hal_i2s.c:1783:10:HAL_I2S_GetError	0	static
