stm32f4xx_ll_tim.c:169:13:LL_TIM_DeInit	0	static
stm32f4xx_ll_tim.c:286:6:LL_TIM_StructInit	0	static
stm32f4xx_ll_tim.c:305:13:LL_TIM_Init	8	static
stm32f4xx_ll_tim.c:357:6:LL_TIM_OC_StructInit	0	static
stm32f4xx_ll_tim.c:384:13:LL_TIM_OC_Init	16	static
stm32f4xx_ll_tim.c:416:6:LL_TIM_IC_StructInit	0	static
stm32f4xx_ll_tim.c:439:13:LL_TIM_IC_Init	12	static
stm32f4xx_ll_tim.c:470:6:LL_TIM_ENCODER_StructInit	0	static
stm32f4xx_ll_tim.c:493:13:LL_TIM_ENCODER_Init	20	static
stm32f4xx_ll_tim.c:556:6:LL_TIM_HALLSENSOR_StructInit	0	static
stm32f4xx_ll_tim.c:586:13:LL_TIM_HALLSENSOR_Init	20	static
stm32f4xx_ll_tim.c:665:6:LL_TIM_BDTR_StructInit	0	static
stm32f4xx_ll_tim.c:691:13:LL_TIM_BDTR_Init	8	static
