stm32f4xx_hal_tim.c:368:13:HAL_TIM_Base_MspInit	0	static
stm32f4xx_hal_tim.c:266:19:HAL_TIM_Base_Init	16	static
stm32f4xx_hal_tim.c:383:13:HAL_TIM_Base_MspDeInit	0	static
stm32f4xx_hal_tim.c:325:19:HAL_TIM_Base_DeInit	8	static
stm32f4xx_hal_tim.c:399:19:HAL_TIM_Base_Start	0	static
stm32f4xx_hal_tim.c:438:19:HAL_TIM_Base_Stop	0	static
stm32f4xx_hal_tim.c:458:19:HAL_TIM_Base_Start_IT	0	static
stm32f4xx_hal_tim.c:500:19:HAL_TIM_Base_Stop_IT	0	static
stm32f4xx_hal_tim.c:525:19:HAL_TIM_Base_Start_DMA	24	static
stm32f4xx_hal_tim.c:594:19:HAL_TIM_Base_Stop_DMA	8	static
stm32f4xx_hal_tim.c:751:13:HAL_TIM_OC_MspInit	0	static
stm32f4xx_hal_tim.c:649:19:HAL_TIM_OC_Init	16	static
stm32f4xx_hal_tim.c:766:13:HAL_TIM_OC_MspDeInit	0	static
stm32f4xx_hal_tim.c:708:19:HAL_TIM_OC_DeInit	8	static
stm32f4xx_hal_tim.c:787:19:HAL_TIM_OC_Start	4	static
stm32f4xx_hal_tim.c:841:19:HAL_TIM_OC_Stop	12	static
stm32f4xx_hal_tim.c:876:19:HAL_TIM_OC_Start_IT	4	static
stm32f4xx_hal_tim.c:969:19:HAL_TIM_OC_Stop_IT	8	static
stm32f4xx_hal_tim.c:1046:19:HAL_TIM_OC_Start_DMA	24	static
stm32f4xx_hal_tim.c:1209:19:HAL_TIM_OC_Stop_DMA	16	static
stm32f4xx_hal_tim.c:1414:13:HAL_TIM_PWM_MspInit	0	static
stm32f4xx_hal_tim.c:1312:19:HAL_TIM_PWM_Init	16	static
stm32f4xx_hal_tim.c:1429:13:HAL_TIM_PWM_MspDeInit	0	static
stm32f4xx_hal_tim.c:1371:19:HAL_TIM_PWM_DeInit	8	static
stm32f4xx_hal_tim.c:1450:19:HAL_TIM_PWM_Start	4	static
stm32f4xx_hal_tim.c:1504:19:HAL_TIM_PWM_Stop	12	static
stm32f4xx_hal_tim.c:1539:19:HAL_TIM_PWM_Start_IT	4	static
stm32f4xx_hal_tim.c:1632:19:HAL_TIM_PWM_Stop_IT	8	static
stm32f4xx_hal_tim.c:1709:19:HAL_TIM_PWM_Start_DMA	24	static
stm32f4xx_hal_tim.c:1871:19:HAL_TIM_PWM_Stop_DMA	16	static
stm32f4xx_hal_tim.c:2076:13:HAL_TIM_IC_MspInit	0	static
stm32f4xx_hal_tim.c:1974:19:HAL_TIM_IC_Init	16	static
stm32f4xx_hal_tim.c:2091:13:HAL_TIM_IC_MspDeInit	0	static
stm32f4xx_hal_tim.c:2033:19:HAL_TIM_IC_DeInit	8	static
stm32f4xx_hal_tim.c:2112:19:HAL_TIM_IC_Start	4	static
stm32f4xx_hal_tim.c:2164:19:HAL_TIM_IC_Stop	8	static
stm32f4xx_hal_tim.c:2194:19:HAL_TIM_IC_Start_IT	4	static
stm32f4xx_hal_tim.c:2286:19:HAL_TIM_IC_Stop_IT	4	static
stm32f4xx_hal_tim.c:2358:19:HAL_TIM_IC_Start_DMA	24	static
stm32f4xx_hal_tim.c:2517:19:HAL_TIM_IC_Stop_DMA	16	static
stm32f4xx_hal_tim.c:2735:13:HAL_TIM_OnePulse_MspInit	0	static
stm32f4xx_hal_tim.c:2622:19:HAL_TIM_OnePulse_Init	16	static
stm32f4xx_hal_tim.c:2750:13:HAL_TIM_OnePulse_MspDeInit	0	static
stm32f4xx_hal_tim.c:2690:19:HAL_TIM_OnePulse_DeInit	8	static
stm32f4xx_hal_tim.c:2770:19:HAL_TIM_OnePulse_Start	8	static
stm32f4xx_hal_tim.c:2827:19:HAL_TIM_OnePulse_Stop	0	static
stm32f4xx_hal_tim.c:2870:19:HAL_TIM_OnePulse_Start_IT	8	static
stm32f4xx_hal_tim.c:2933:19:HAL_TIM_OnePulse_Stop_IT	0	static
stm32f4xx_hal_tim.c:3171:13:HAL_TIM_Encoder_MspInit	0	static
stm32f4xx_hal_tim.c:3012:19:HAL_TIM_Encoder_Init	24	static
stm32f4xx_hal_tim.c:3186:13:HAL_TIM_Encoder_MspDeInit	0	static
stm32f4xx_hal_tim.c:3126:19:HAL_TIM_Encoder_DeInit	8	static
stm32f4xx_hal_tim.c:3206:19:HAL_TIM_Encoder_Start	8	static
stm32f4xx_hal_tim.c:3300:19:HAL_TIM_Encoder_Stop	4	static
stm32f4xx_hal_tim.c:3360:19:HAL_TIM_Encoder_Start_IT	8	static
stm32f4xx_hal_tim.c:3460:19:HAL_TIM_Encoder_Stop_IT	4	static
stm32f4xx_hal_tim.c:3525:19:HAL_TIM_Encoder_Start_DMA	32	static
stm32f4xx_hal_tim.c:3738:19:HAL_TIM_Encoder_Stop_DMA	16	static
stm32f4xx_hal_tim.c:4030:19:HAL_TIM_OC_ConfigChannel	20	static
stm32f4xx_hal_tim.c:4109:19:HAL_TIM_IC_ConfigChannel	16	static
stm32f4xx_hal_tim.c:4208:19:HAL_TIM_PWM_ConfigChannel	20	static
stm32f4xx_hal_tim.c:4322:19:HAL_TIM_OnePulse_ConfigChannel	36	static
stm32f4xx_hal_tim.c:4470:19:HAL_TIM_DMABurst_WriteStart	24	static
stm32f4xx_hal_tim.c:4524:19:HAL_TIM_DMABurst_MultiWriteStart	24	static
stm32f4xx_hal_tim.c:4708:19:HAL_TIM_DMABurst_WriteStop	16	static
stm32f4xx_hal_tim.c:4809:19:HAL_TIM_DMABurst_ReadStart	24	static
stm32f4xx_hal_tim.c:4862:19:HAL_TIM_DMABurst_MultiReadStart	24	static
stm32f4xx_hal_tim.c:5046:19:HAL_TIM_DMABurst_ReadStop	16	static
stm32f4xx_hal_tim.c:5129:19:HAL_TIM_GenerateEvent	8	static
stm32f4xx_hal_tim.c:5166:19:HAL_TIM_ConfigOCrefClear	12	static
stm32f4xx_hal_tim.c:5296:19:HAL_TIM_ConfigClockSource	16	static
stm32f4xx_hal_tim.c:5450:19:HAL_TIM_ConfigTI1Input	0	static
stm32f4xx_hal_tim.c:5482:19:HAL_TIM_SlaveConfigSynchro	16	static
stm32f4xx_hal_tim.c:5522:19:HAL_TIM_SlaveConfigSynchro_IT	16	static
stm32f4xx_hal_tim.c:5565:10:HAL_TIM_ReadCapturedValue	0	static
stm32f4xx_hal_tim.c:5649:13:HAL_TIM_PeriodElapsedCallback	0	static
stm32f4xx_hal_tim.c:6705:13:TIM_DMAPeriodElapsedCplt	8	static
stm32f4xx_hal_tim.c:5664:13:HAL_TIM_PeriodElapsedHalfCpltCallback	0	static
stm32f4xx_hal_tim.c:6726:13:TIM_DMAPeriodElapsedHalfCplt	8	static
stm32f4xx_hal_tim.c:5679:13:HAL_TIM_OC_DelayElapsedCallback	0	static
stm32f4xx_hal_tim.c:5694:13:HAL_TIM_IC_CaptureCallback	0	static
stm32f4xx_hal_tim.c:6603:6:TIM_DMACaptureCplt	8	static
stm32f4xx_hal_tim.c:5709:13:HAL_TIM_IC_CaptureHalfCpltCallback	0	static
stm32f4xx_hal_tim.c:6666:6:TIM_DMACaptureHalfCplt	8	static
stm32f4xx_hal_tim.c:5724:13:HAL_TIM_PWM_PulseFinishedCallback	0	static
stm32f4xx_hal_tim.c:6505:13:TIM_DMADelayPulseCplt	8	static
stm32f4xx_hal_tim.c:5739:13:HAL_TIM_PWM_PulseFinishedHalfCpltCallback	0	static
stm32f4xx_hal_tim.c:6564:6:TIM_DMADelayPulseHalfCplt	8	static
stm32f4xx_hal_tim.c:5754:13:HAL_TIM_TriggerCallback	0	static
stm32f4xx_hal_tim.c:3815:6:HAL_TIM_IRQHandler	8	static
stm32f4xx_hal_tim.c:6742:13:TIM_DMATriggerCplt	8	static
stm32f4xx_hal_tim.c:5769:13:HAL_TIM_TriggerHalfCpltCallback	0	static
stm32f4xx_hal_tim.c:6763:13:TIM_DMATriggerHalfCplt	8	static
stm32f4xx_hal_tim.c:5784:13:HAL_TIM_ErrorCallback	0	static
stm32f4xx_hal_tim.c:6462:6:TIM_DMAError	8	static
stm32f4xx_hal_tim.c:6342:22:HAL_TIM_Base_GetState	0	static
stm32f4xx_hal_tim.c:6352:22:HAL_TIM_OC_GetState	0	static
stm32f4xx_hal_tim.c:6362:22:HAL_TIM_PWM_GetState	0	static
stm32f4xx_hal_tim.c:6372:22:HAL_TIM_IC_GetState	0	static
stm32f4xx_hal_tim.c:6382:22:HAL_TIM_OnePulse_GetState	0	static
stm32f4xx_hal_tim.c:6392:22:HAL_TIM_Encoder_GetState	0	static
stm32f4xx_hal_tim.c:6402:23:HAL_TIM_GetActiveChannel	0	static
stm32f4xx_hal_tim.c:6420:29:HAL_TIM_GetChannelState	0	static
stm32f4xx_hal_tim.c:6437:30:HAL_TIM_DMABurstState	0	static
stm32f4xx_hal_tim.c:6780:6:TIM_Base_SetConfig	12	static
stm32f4xx_hal_tim.c:6903:6:TIM_OC2_SetConfig	16	static
stm32f4xx_hal_tim.c:7247:6:TIM_TI1_SetConfig	12	static
stm32f4xx_hal_tim.c:7541:6:TIM_ETR_SetConfig	4	static
stm32f4xx_hal_tim.c:7571:6:TIM_CCxChannelCmd	4	static
