stm32f4xx_hal_tim_ex.c:2359:13:TIM_DMAErrorCCxN	8	static
stm32f4xx_hal_tim_ex.c:2300:13:TIM_DMADelayPulseNCplt	8	static
stm32f4xx_hal_tim_ex.c:284:13:HAL_TIMEx_HallSensor_MspInit	0	static
stm32f4xx_hal_tim_ex.c:138:19:HAL_TIMEx_HallSensor_Init	48	static
stm32f4xx_hal_tim_ex.c:299:13:HAL_TIMEx_HallSensor_MspDeInit	0	static
stm32f4xx_hal_tim_ex.c:239:19:HAL_TIMEx_HallSensor_DeInit	8	static
stm32f4xx_hal_tim_ex.c:314:19:HAL_TIMEx_HallSensor_Start	16	static
stm32f4xx_hal_tim_ex.c:368:19:HAL_TIMEx_HallSensor_Stop	8	static
stm32f4xx_hal_tim_ex.c:396:19:HAL_TIMEx_HallSensor_Start_IT	16	static
stm32f4xx_hal_tim_ex.c:453:19:HAL_TIMEx_HallSensor_Stop_IT	8	static
stm32f4xx_hal_tim_ex.c:486:19:HAL_TIMEx_HallSensor_Start_DMA	24	static
stm32f4xx_hal_tim_ex.c:562:19:HAL_TIMEx_HallSensor_Stop_DMA	8	static
stm32f4xx_hal_tim_ex.c:624:19:HAL_TIMEx_OCN_Start	4	static
stm32f4xx_hal_tim_ex.c:675:19:HAL_TIMEx_OCN_Stop	8	static
stm32f4xx_hal_tim_ex.c:707:19:HAL_TIMEx_OCN_Start_IT	4	static
stm32f4xx_hal_tim_ex.c:794:19:HAL_TIMEx_OCN_Stop_IT	8	static
stm32f4xx_hal_tim_ex.c:869:19:HAL_TIMEx_OCN_Start_DMA	24	static
stm32f4xx_hal_tim_ex.c:1006:19:HAL_TIMEx_OCN_Stop_DMA	16	static
stm32f4xx_hal_tim_ex.c:1107:19:HAL_TIMEx_PWMN_Start	4	static
stm32f4xx_hal_tim_ex.c:1157:19:HAL_TIMEx_PWMN_Stop	8	static
stm32f4xx_hal_tim_ex.c:1189:19:HAL_TIMEx_PWMN_Start_IT	4	static
stm32f4xx_hal_tim_ex.c:1275:19:HAL_TIMEx_PWMN_Stop_IT	8	static
stm32f4xx_hal_tim_ex.c:1350:19:HAL_TIMEx_PWMN_Start_DMA	24	static
stm32f4xx_hal_tim_ex.c:1487:19:HAL_TIMEx_PWMN_Stop_DMA	16	static
stm32f4xx_hal_tim_ex.c:1578:19:HAL_TIMEx_OnePulseN_Start	24	static
stm32f4xx_hal_tim_ex.c:1627:19:HAL_TIMEx_OnePulseN_Stop	8	static
stm32f4xx_hal_tim_ex.c:1666:19:HAL_TIMEx_OnePulseN_Start_IT	24	static
stm32f4xx_hal_tim_ex.c:1721:19:HAL_TIMEx_OnePulseN_Stop_IT	8	static
stm32f4xx_hal_tim_ex.c:1800:19:HAL_TIMEx_ConfigCommutEvent	4	static
stm32f4xx_hal_tim_ex.c:1856:19:HAL_TIMEx_ConfigCommutEvent_IT	4	static
stm32f4xx_hal_tim_ex.c:1913:19:HAL_TIMEx_ConfigCommutEvent_DMA	12	static
stm32f4xx_hal_tim_ex.c:1962:19:HAL_TIMEx_MasterConfigSynchronization	8	static
stm32f4xx_hal_tim_ex.c:2023:19:HAL_TIMEx_ConfigBreakDeadTime	8	static
stm32f4xx_hal_tim_ex.c:2099:19:HAL_TIMEx_RemapConfig	0	static
stm32f4xx_hal_tim_ex.c:2155:13:HAL_TIMEx_CommutCallback	0	static
stm32f4xx_hal_tim_ex.c:2261:6:TIMEx_DMACommutationCplt	8	static
stm32f4xx_hal_tim_ex.c:2169:13:HAL_TIMEx_CommutHalfCpltCallback	0	static
stm32f4xx_hal_tim_ex.c:2280:6:TIMEx_DMACommutationHalfCplt	8	static
stm32f4xx_hal_tim_ex.c:2184:13:HAL_TIMEx_BreakCallback	0	static
stm32f4xx_hal_tim_ex.c:2217:22:HAL_TIMEx_HallSensor_GetState	0	static
stm32f4xx_hal_tim_ex.c:2232:29:HAL_TIMEx_GetChannelNState	0	static
