stm32f4xx_hal_pcd.c:283:13:HAL_PCD_MspInit	0	static
stm32f4xx_hal_pcd.c:123:19:HAL_PCD_Init	64	static
stm32f4xx_hal_pcd.c:298:13:HAL_PCD_MspDeInit	0	static
stm32f4xx_hal_pcd.c:244:19:HAL_PCD_DeInit	16	static
stm32f4xx_hal_pcd.c:1001:19:HAL_PCD_Start	8	static
stm32f4xx_hal_pcd.c:1026:19:HAL_PCD_Stop	16	static
stm32f4xx_hal_pcd.c:1443:6:HAL_PCD_WKUP_IRQHandler	0	static
stm32f4xx_hal_pcd.c:1469:13:HAL_PCD_DataOutStageCallback	0	static
stm32f4xx_hal_pcd.c:1486:13:HAL_PCD_DataInStageCallback	0	static
stm32f4xx_hal_pcd.c:1501:13:HAL_PCD_SetupStageCallback	0	static
stm32f4xx_hal_pcd.c:1516:13:HAL_PCD_SOFCallback	0	static
stm32f4xx_hal_pcd.c:1531:13:HAL_PCD_ResetCallback	0	static
stm32f4xx_hal_pcd.c:1546:13:HAL_PCD_SuspendCallback	0	static
stm32f4xx_hal_pcd.c:1561:13:HAL_PCD_ResumeCallback	0	static
stm32f4xx_hal_pcd.c:1577:13:HAL_PCD_ISOOUTIncompleteCallback	0	static
stm32f4xx_hal_pcd.c:1594:13:HAL_PCD_ISOINIncompleteCallback	0	static
stm32f4xx_hal_pcd.c:1610:13:HAL_PCD_ConnectCallback	0	static
stm32f4xx_hal_pcd.c:1625:13:HAL_PCD_DisconnectCallback	0	static
stm32f4xx_hal_pcd.c:1054:6:HAL_PCD_IRQHandler	64	static
stm32f4xx_hal_pcd.c:1659:19:HAL_PCD_DevConnect	8	static
stm32f4xx_hal_pcd.c:1682:19:HAL_PCD_DevDisconnect	16	static
stm32f4xx_hal_pcd.c:1707:19:HAL_PCD_SetAddress	8	static
stm32f4xx_hal_pcd.c:1724:19:HAL_PCD_EP_Open	16	static
stm32f4xx_hal_pcd.c:1769:19:HAL_PCD_EP_Close	8	static
stm32f4xx_hal_pcd.c:1800:19:HAL_PCD_EP_Receive	16	static
stm32f4xx_hal_pcd.c:1836:10:HAL_PCD_EP_GetRxCount	0	static
stm32f4xx_hal_pcd.c:1848:19:HAL_PCD_EP_Transmit	16	static
stm32f4xx_hal_pcd.c:1884:19:HAL_PCD_EP_SetStall	16	static
stm32f4xx_hal_pcd.c:1927:19:HAL_PCD_EP_ClrStall	16	static
stm32f4xx_hal_pcd.c:1963:19:HAL_PCD_EP_Flush	8	static
stm32f4xx_hal_pcd.c:1986:19:HAL_PCD_ActivateRemoteWakeup	0	static
stm32f4xx_hal_pcd.c:1996:19:HAL_PCD_DeActivateRemoteWakeup	0	static
stm32f4xx_hal_pcd.c:2025:18:HAL_PCD_GetState	0	static
