main.c:1035:12:hsv2rgb.constprop	16	static
main.c:1070:6:paintLevels.constprop	88	static
main.c:169:6:TIM1_TE1	0	static
main.c:172:6:TIM1_TC2	0	static
main.c:175:6:TIM1_HT2	0	static
main.c:178:6:TIM1_TE2	0	static
main.c:183:6:init_timers	16	static
main.c:251:6:retarget_put_char	16	static
main.c:255:5:_write	32	static
main.c:312:11:getNextSampleLR	32	static
main.c:355:7:AUDIO_Init	4	static
main.c:360:6:AUDIO_OUT_Start	16	static
main.c:383:6:median3	0	static
main.c:395:6:AUDIO_OUT_Periodic	40	static
main.c:505:6:printMat	32	static
main.c:511:6:printVec	32	static
main.c:518:7:applyMat	24	static
main.c:528:6:makeRotMat	16	static
main.c:535:6:AUDIO_OUT_ChangeBuffer	8	static
main.c:542:6:cleanAudioBuffer	8	static
main.c:572:7:funcN1	8	static
main.c:583:7:sigma_delta_slow	8	static
main.c:604:7:sigma_delta	8	static
main.c:614:7:sigma_delta2	8	static
main.c:626:5:sigma_delta_SCALED	0	static
main.c:638:5:sigma_delta2_SCALED	4	static
main.c:665:6:checkTime	8	static
main.c:688:6:readDataTim	48	static
main.c:736:6:TIM1_TC1	8	static
main.c:751:6:TIM1_HT1	0	static
main.c:767:10:sigma_delta_SCALED_01	4	static
main.c:789:6:readDataSerail	32	static
main.c:804:9:sigma_delta_SCALED_5	4	static
main.c:822:9:sigma_delta_SCALED_3	4	static
main.c:840:9:sigma_delta_SCALED_4	4	static
main.c:859:6:readDataSerail8	32	static
main.c:874:6:HAL_SPI_TxCpltCallback	32	static
main.c:892:6:HAL_SPI_TxHalfCpltCallback	32	static
main.c:908:6:HAL_I2S_TxCpltCallback	32	static
main.c:932:6:HAL_I2S_TxHalfCpltCallback	32	static
main.c:950:6:HAL_I2S_ErrorCallback	0	static
main.c:962:16:getLCD_Data	0	static
main.c:967:7:getPixelCenterRot	16	static
main.c:985:7:getPixelLength	0	static
main.c:1000:7:getAngleAmp	0	static
main.c:1013:5:satur	0	static
main.c:1035:12:hsv2rgb	24	static
main.c:1070:6:paintLevels	128	static
main.c:1121:6:tableSetup	64	static
main.c:1154:6:tableSetup1	96	static
main.c:1491:6:SystemClock_Config	96	static,ignoring_inline_asm
main.c:1201:5:main	352	static,ignoring_inline_asm
main.c:1987:6:Error_Handler	0	static,ignoring_inline_asm
