st7789.c:64:6:setSPI	16	static
st7789.c:72:6:setLCD	104	static
st7789.c:130:6:spiwrite	32	static
st7789.c:138:9:Delay	0	static
st7789.c:146:6:setBacklight	0	static
st7789.c:153:5:getBacklight	0	static
st7789.c:158:6:setBacklightON	0	static
st7789.c:164:6:setBacklightOff	0	static
st7789.c:168:6:color_convert	0	static
st7789.c:178:10:color_convertRGB_to16	0	static
st7789.c:182:10:color_convertRGB_to16d	0	static
st7789.c:190:6:LCD_setRotation	40	static
st7789.c:194:5:LCD_getWidth	0	static
st7789.c:198:5:LCD_getHeight	0	static
st7789.c:227:11:swapcolor	0	static
st7789.c:231:7:writecommand	24	static
st7789.c:236:6:writedata	24	static
st7789.c:244:9:pgm_read_byte	0	static
st7789.c:248:6:displayInit	72	static
st7789.c:273:6:LCD_reset	8	static
st7789.c:284:6:LCD_init	32	static
st7789.c:289:6:setRotation	40	static
st7789.c:323:6:setAddrWindow	48	static
st7789.c:370:6:setAddrWindowA	80	static
st7789.c:423:6:LCD_fillRectData	16	static
st7789.c:440:6:LCD_fillRectDataTable	64	static
st7789.c:492:6:LCD_fillRect	16	static
st7789.c:540:6:LCD_Draw_Line	72	static
st7789.c:561:6:LCD_Draw_LineNX	72	static
st7789.c:583:6:LCD_Draw_LinePNX	72	static
st7789.c:608:6:LCD_Draw_LinePNXShadow	72	static
st7789.c:647:6:LCD_Draw_LineP	72	static
st7789.c:671:6:LCD_Draw_Char2	80	static
st7789.c:705:6:LCD_Draw_Char	32	static
st7789.c:711:7:LCD_Draw_Text	48	static
st7789.c:719:7:LCD_Draw_Text2	56	static
