stm32f4xx_hal_msp.c:65:6:HAL_MspInit	8	static
stm32f4xx_hal_msp.c:87:6:HAL_I2S_MspInit	80	static
stm32f4xx_hal_msp.c:157:6:HAL_I2S_MspDeInit	8	static
stm32f4xx_hal_msp.c:189:6:HAL_SPI_MspInit	56	static
stm32f4xx_hal_msp.c:249:6:HAL_SPI_MspDeInit	0	static
stm32f4xx_hal_msp.c:296:6:HAL_TIM_Encoder_MspInit	48	static
stm32f4xx_hal_msp.c:332:6:HAL_TIM_Base_MspInit	8	static
stm32f4xx_hal_msp.c:354:6:HAL_TIM_Encoder_MspDeInit	0	static
stm32f4xx_hal_msp.c:383:6:HAL_TIM_Base_MspDeInit	0	static
stm32f4xx_hal_msp.c:405:6:HAL_UART_MspInit	48	static
stm32f4xx_hal_msp.c:441:6:HAL_UART_MspDeInit	0	static
