stm32f4xx_it.c:71:6:NMI_Handler	0	static
stm32f4xx_it.c:86:6:HardFault_Handler	0	static
stm32f4xx_it.c:101:6:MemManage_Handler	0	static
stm32f4xx_it.c:116:6:BusFault_Handler	0	static
stm32f4xx_it.c:131:6:UsageFault_Handler	0	static
stm32f4xx_it.c:146:6:SVC_Handler	0	static
stm32f4xx_it.c:159:6:DebugMon_Handler	0	static
stm32f4xx_it.c:172:6:PendSV_Handler	0	static
stm32f4xx_it.c:185:6:SysTick_Handler	0	static
stm32f4xx_it.c:206:6:DMA1_Stream4_IRQHandler	0	static
stm32f4xx_it.c:220:6:DMA2_Stream1_IRQHandler	8	static
stm32f4xx_it.c:249:6:DMA2_Stream2_IRQHandler	8	static
stm32f4xx_it.c:278:6:OTG_FS_IRQHandler	0	static
