Archive member included to satisfy reference by file (symbol)

/opt/st/stm32cubeide_1.5.0/plugins/com.st.stm32cube.ide.mcu.externaltools.gnu-tools-for-stm32.9-2020-q2-update.linux64_2.0.0.202105311346/tools/bin/../lib/gcc/arm-none-eabi/9.3.1/../../../../arm-none-eabi/lib/thumb/v7e-m+fp/hard/libc_nano.a(lib_a-errno.o)
                              ./Core/Src/syscalls.o (__errno)
/opt/st/stm32cubeide_1.5.0/plugins/com.st.stm32cube.ide.mcu.externaltools.gnu-tools-for-stm32.9-2020-q2-update.linux64_2.0.0.202105311346/tools/bin/../lib/gcc/arm-none-eabi/9.3.1/../../../../arm-none-eabi/lib/thumb/v7e-m+fp/hard/libc_nano.a(lib_a-exit.o)
                              /opt/st/stm32cubeide_1.5.0/plugins/com.st.stm32cube.ide.mcu.externaltools.gnu-tools-for-stm32.9-2020-q2-update.linux64_2.0.0.202105311346/tools/bin/../lib/gcc/arm-none-eabi/9.3.1/../../../../arm-none-eabi/lib/thumb/v7e-m+fp/hard/crt0.o (exit)
/opt/st/stm32cubeide_1.5.0/plugins/com.st.stm32cube.ide.mcu.externaltools.gnu-tools-for-stm32.9-2020-q2-update.linux64_2.0.0.202105311346/tools/bin/../lib/gcc/arm-none-eabi/9.3.1/../../../../arm-none-eabi/lib/thumb/v7e-m+fp/hard/libc_nano.a(lib_a-impure.o)
                              /opt/st/stm32cubeide_1.5.0/plugins/com.st.stm32cube.ide.mcu.externaltools.gnu-tools-for-stm32.9-2020-q2-update.linux64_2.0.0.202105311346/tools/bin/../lib/gcc/arm-none-eabi/9.3.1/../../../../arm-none-eabi/lib/thumb/v7e-m+fp/hard/libc_nano.a(lib_a-exit.o) (_global_impure_ptr)
/opt/st/stm32cubeide_1.5.0/plugins/com.st.stm32cube.ide.mcu.externaltools.gnu-tools-for-stm32.9-2020-q2-update.linux64_2.0.0.202105311346/tools/bin/../lib/gcc/arm-none-eabi/9.3.1/../../../../arm-none-eabi/lib/thumb/v7e-m+fp/hard/libc_nano.a(lib_a-init.o)
                              /opt/st/stm32cubeide_1.5.0/plugins/com.st.stm32cube.ide.mcu.externaltools.gnu-tools-for-stm32.9-2020-q2-update.linux64_2.0.0.202105311346/tools/bin/../lib/gcc/arm-none-eabi/9.3.1/../../../../arm-none-eabi/lib/thumb/v7e-m+fp/hard/crt0.o (__libc_init_array)
/opt/st/stm32cubeide_1.5.0/plugins/com.st.stm32cube.ide.mcu.externaltools.gnu-tools-for-stm32.9-2020-q2-update.linux64_2.0.0.202105311346/tools/bin/../lib/gcc/arm-none-eabi/9.3.1/../../../../arm-none-eabi/lib/thumb/v7e-m+fp/hard/libc_nano.a(lib_a-memcpy-stub.o)
                              ./Core/Src/st7789.o (memcpy)
/opt/st/stm32cubeide_1.5.0/plugins/com.st.stm32cube.ide.mcu.externaltools.gnu-tools-for-stm32.9-2020-q2-update.linux64_2.0.0.202105311346/tools/bin/../lib/gcc/arm-none-eabi/9.3.1/../../../../arm-none-eabi/lib/thumb/v7e-m+fp/hard/libc_nano.a(lib_a-memset.o)
                              /opt/st/stm32cubeide_1.5.0/plugins/com.st.stm32cube.ide.mcu.externaltools.gnu-tools-for-stm32.9-2020-q2-update.linux64_2.0.0.202105311346/tools/bin/../lib/gcc/arm-none-eabi/9.3.1/../../../../arm-none-eabi/lib/thumb/v7e-m+fp/hard/crt0.o (memset)
/opt/st/stm32cubeide_1.5.0/plugins/com.st.stm32cube.ide.mcu.externaltools.gnu-tools-for-stm32.9-2020-q2-update.linux64_2.0.0.202105311346/tools/bin/../lib/gcc/arm-none-eabi/9.3.1/../../../../arm-none-eabi/lib/thumb/v7e-m+fp/hard/libc_nano.a(lib_a-nano-vfprintf_float.o)
                              (_printf_float)
/opt/st/stm32cubeide_1.5.0/plugins/com.st.stm32cube.ide.mcu.externaltools.gnu-tools-for-stm32.9-2020-q2-update.linux64_2.0.0.202105311346/tools/bin/../lib/gcc/arm-none-eabi/9.3.1/../../../../arm-none-eabi/lib/thumb/v7e-m+fp/hard/libc_nano.a(lib_a-nano-vfprintf_i.o)
                              /opt/st/stm32cubeide_1.5.0/plugins/com.st.stm32cube.ide.mcu.externaltools.gnu-tools-for-stm32.9-2020-q2-update.linux64_2.0.0.202105311346/tools/bin/../lib/gcc/arm-none-eabi/9.3.1/../../../../arm-none-eabi/lib/thumb/v7e-m+fp/hard/libc_nano.a(lib_a-nano-vfprintf_float.o) (_printf_common)
/opt/st/stm32cubeide_1.5.0/plugins/com.st.stm32cube.ide.mcu.externaltools.gnu-tools-for-stm32.9-2020-q2-update.linux64_2.0.0.202105311346/tools/bin/../lib/gcc/arm-none-eabi/9.3.1/../../../../arm-none-eabi/lib/thumb/v7e-m+fp/hard/libc_nano.a(lib_a-printf.o)
                              ./Core/Src/main.o (printf)
/opt/st/stm32cubeide_1.5.0/plugins/com.st.stm32cube.ide.mcu.externaltools.gnu-tools-for-stm32.9-2020-q2-update.linux64_2.0.0.202105311346/tools/bin/../lib/gcc/arm-none-eabi/9.3.1/../../../../arm-none-eabi/lib/thumb/v7e-m+fp/hard/libc_nano.a(lib_a-puts.o)
                              ./Core/Src/main.o (puts)
/opt/st/stm32cubeide_1.5.0/plugins/com.st.stm32cube.ide.mcu.externaltools.gnu-tools-for-stm32.9-2020-q2-update.linux64_2.0.0.202105311346/tools/bin/../lib/gcc/arm-none-eabi/9.3.1/../../../../arm-none-eabi/lib/thumb/v7e-m+fp/hard/libc_nano.a(lib_a-strlen.o)
                              /opt/st/stm32cubeide_1.5.0/plugins/com.st.stm32cube.ide.mcu.externaltools.gnu-tools-for-stm32.9-2020-q2-update.linux64_2.0.0.202105311346/tools/bin/../lib/gcc/arm-none-eabi/9.3.1/../../../../arm-none-eabi/lib/thumb/v7e-m+fp/hard/libc_nano.a(lib_a-nano-vfprintf_float.o) (strlen)
[...]
Memory Configuration

Name             Origin             Length             Attributes
RAM              0x0000000020000000 0x0000000000018000 xrw
FLASH            0x0000000008000000 0x0000000000060000 xr
*default*        0x0000000000000000 0xffffffffffffffff

Linker script and memory map

LOAD /opt/st/stm32cubeide_1.5.0/plugins/com.st.stm32cube.ide.mcu.externaltools.gnu-tools-for-stm32.9-2020-q2-update.linux64_2.0.0.202105311346/tools/bin/../lib/gcc/arm-none-eabi/9.3.1/thumb/v7e-m+fp/hard/crti.o
LOAD /opt/st/stm32cubeide_1.5.0/plugins/com.st.stm32cube.ide.mcu.externaltools.gnu-tools-for-stm32.9-2020-q2-update.linux64_2.0.0.202105311346/tools/bin/../lib/gcc/arm-none-eabi/9.3.1/thumb/v7e-m+fp/hard/crtbegin.o
LOAD /opt/st/stm32cubeide_1.5.0/plugins/com.st.stm32cube.ide.mcu.externaltools.gnu-tools-for-stm32.9-2020-q2-update.linux64_2.0.0.202105311346/tools/bin/../lib/gcc/arm-none-eabi/9.3.1/../../../../arm-none-eabi/lib/thumb/v7e-m+fp/hard/crt0.o
LOAD ./Core/Src/dual240.o
LOAD ./Core/Src/font8.o
LOAD ./Core/Src/main.o
LOAD ./Core/Src/st7789.o
LOAD ./Core/Src/stm32f4xx_hal_msp.o
LOAD ./Core/Src/stm32f4xx_it.o
LOAD ./Core/Src/syscalls.o
LOAD ./Core/Src/sysmem.o
LOAD ./Core/Src/system_stm32f4xx.o
LOAD ./Core/Src/uvmete240.o
LOAD ./Core/Startup/startup_stm32f401cdux.o
LOAD ./Drivers/STM32F4xx_HAL_Driver/Src/stm32f4xx_hal.o
LOAD ./Drivers/STM32F4xx_HAL_Driver/Src/stm32f4xx_hal_cortex.o
LOAD ./Drivers/STM32F4xx_HAL_Driver/Src/stm32f4xx_hal_dma.o
LOAD ./Drivers/STM32F4xx_HAL_Driver/Src/stm32f4xx_hal_dma_ex.o
LOAD ./Drivers/STM32F4xx_HAL_Driver/Src/stm32f4xx_hal_exti.o
LOAD ./Drivers/STM32F4xx_HAL_Driver/Src/stm32f4xx_hal_flash.o
LOAD ./Drivers/STM32F4xx_HAL_Driver/Src/stm32f4xx_hal_flash_ex.o
LOAD ./Drivers/STM32F4xx_HAL_Driver/Src/stm32f4xx_hal_flash_ramfunc.o
LOAD ./Drivers/STM32F4xx_HAL_Driver/Src/stm32f4xx_hal_gpio.o
LOAD ./Drivers/STM32F4xx_HAL_Driver/Src/stm32f4xx_hal_i2s.o
LOAD ./Drivers/STM32F4xx_HAL_Driver/Src/stm32f4xx_hal_i2s_ex.o
LOAD ./Drivers/STM32F4xx_HAL_Driver/Src/stm32f4xx_hal_pcd.o
LOAD ./Drivers/STM32F4xx_HAL_Driver/Src/stm32f4xx_hal_pcd_ex.o
LOAD ./Drivers/STM32F4xx_HAL_Driver/Src/stm32f4xx_hal_pwr.o
LOAD ./Drivers/STM32F4xx_HAL_Driver/Src/stm32f4xx_hal_pwr_ex.o
LOAD ./Drivers/STM32F4xx_HAL_Driver/Src/stm32f4xx_hal_rcc.o
LOAD ./Drivers/STM32F4xx_HAL_Driver/Src/stm32f4xx_hal_rcc_ex.o
LOAD ./Drivers/STM32F4xx_HAL_Driver/Src/stm32f4xx_hal_spi.o
LOAD ./Drivers/STM32F4xx_HAL_Driver/Src/stm32f4xx_hal_tim.o
LOAD ./Drivers/STM32F4xx_HAL_Driver/Src/stm32f4xx_hal_tim_ex.o
LOAD ./Drivers/STM32F4xx_HAL_Driver/Src/stm32f4xx_hal_uart.o
LOAD ./Drivers/STM32F4xx_HAL_Driver/Src/stm32f4xx_ll_dma.o
LOAD ./Drivers/STM32F4xx_HAL_Driver/Src/stm32f4xx_ll_exti.o
LOAD ./Drivers/STM32F4xx_HAL_Driver/Src/stm32f4xx_ll_gpio.o
LOAD ./Drivers/STM32F4xx_HAL_Driver/Src/stm32f4xx_ll_rcc.o
LOAD ./Drivers/STM32F4xx_HAL_Driver/Src/stm32f4xx_ll_tim.o
LOAD ./Drivers/STM32F4xx_HAL_Driver/Src/stm32f4xx_ll_usb.o
LOAD ./Drivers/STM32F4xx_HAL_Driver/Src/stm32f4xx_ll_utils.o
LOAD ./Middlewares/ST/STM32_USB_Device_Library/Class/AUDIO/Src/usbd_audio.o
LOAD ./Middlewares/ST/STM32_USB_Device_Library/Core/Src/usbd_core.o
LOAD ./Middlewares/ST/STM32_USB_Device_Library/Core/Src/usbd_ctlreq.o
LOAD ./Middlewares/ST/STM32_USB_Device_Library/Core/Src/usbd_ioreq.o
LOAD ./USB_DEVICE/App/usb_device.o
LOAD ./USB_DEVICE/App/usbd_audio_if.o
LOAD ./USB_DEVICE/App/usbd_desc.o
LOAD ./USB_DEVICE/Target/usbd_conf.o
START GROUP
LOAD /opt/st/stm32cubeide_1.5.0/plugins/com.st.stm32cube.ide.mcu.externaltools.gnu-tools-for-stm32.9-2020-q2-update.linux64_2.0.0.202105311346/tools/bin/../lib/gcc/arm-none-eabi/9.3.1/../../../../arm-none-eabi/lib/thumb/v7e-m+fp/hard/libc_nano.a
LOAD /opt/st/stm32cubeide_1.5.0/plugins/com.st.stm32cube.ide.mcu.externaltools.gnu-tools-for-stm32.9-2020-q2-update.linux64_2.0.0.202105311346/tools/bin/../lib/gcc/arm-none-eabi/9.3.1/../../../../arm-none-eabi/lib/thumb/v7e-m+fp/hard/libm.a
END GROUP
START GROUP
LOAD /opt/st/stm32cubeide_1.5.0/plugins/com.st.stm32cube.ide.mcu.externaltools.gnu-tools-for-stm32.9-2020-q2-update.linux64_2.0.0.202105311346/tools/bin/../lib/gcc/arm-none-eabi/9.3.1/thumb/v7e-m+fp/hard/libgcc.a
LOAD /opt/st/stm32cubeide_1.5.0/plugins/com.st.stm32cube.ide.mcu.externaltools.gnu-tools-for-stm32.9-2020-q2-update.linux64_2.0.0.202105311346/tools/bin/../lib/gcc/arm-none-eabi/9.3.1/../../../../arm-none-eabi/lib/thumb/v7e-m+fp/hard/libc_nano.a
END GROUP
START GROUP
LOAD /opt/st/stm32cubeide_1.5.0/plugins/com.st.stm32cube.ide.mcu.externaltools.gnu-tools-for-stm32.9-2020-q2-update.linux64_2.0.0.202105311346/tools/bin/../lib/gcc/arm-none-eabi/9.3.1/thumb/v7e-m+fp/hard/libgcc.a
LOAD /opt/st/stm32cubeide_1.5.0/plugins/com.st.stm32cube.ide.mcu.externaltools.gnu-tools-for-stm32.9-2020-q2-update.linux64_2.0.0.202105311346/tools/bin/../lib/gcc/arm-none-eabi/9.3.1/../../../../arm-none-eabi/lib/thumb/v7e-m+fp/hard/libc_nano.a
LOAD /opt/st/stm32cubeide_1.5.0/plugins/com.st.stm32cube.ide.mcu.externaltools.gnu-tools-for-stm32.9-2020-q2-update.linux64_2.0.0.202105311346/tools/bin/../lib/gcc/arm-none-eabi/9.3.1/../../../../arm-none-eabi/lib/thumb/v7e-m+fp/hard/libnosys.a
END GROUP
START GROUP
LOAD /opt/st/stm32cubeide_1.5.0/plugins/com.st.stm32cube.ide.mcu.externaltools.gnu-tools-for-stm32.9-2020-q2-update.linux64_2.0.0.202105311346/tools/bin/../lib/gcc/arm-none-eabi/9.3.1/thumb/v7e-m+fp/hard/libgcc.a
LOAD /opt/st/stm32cubeide_1.5.0/plugins/com.st.stm32cube.ide.mcu.externaltools.gnu-tools-for-stm32.9-2020-q2-update.linux64_2.0.0.202105311346/tools/bin/../lib/gcc/arm-none-eabi/9.3.1/../../../../arm-none-eabi/lib/thumb/v7e-m+fp/hard/libc_nano.a
LOAD /opt/st/stm32cubeide_1.5.0/plugins/com.st.stm32cube.ide.mcu.externaltools.gnu-tools-for-stm32.9-2020-q2-update.linux64_2.0.0.202105311346/tools/bin/../lib/gcc/arm-none-eabi/9.3.1/../../../../arm-none-eabi/lib/thumb/v7e-m+fp/hard/libnosys.a
END GROUP
LOAD /opt/st/stm32cubeide_1.5.0/plugins/com.st.stm32cube.ide.mcu.externaltools.gnu-tools-for-stm32.9-2020-q2-update.linux64_2.0.0.202105311346/tools/bin/../lib/gcc/arm-none-eabi/9.3.1/thumb/v7e-m+fp/hard/crtend.o
LOAD /opt/st/stm32cubeide_1.5.0/plugins/com.st.stm32cube.ide.mcu.externaltools.gnu-tools-for-stm32.9-2020-q2-update.linux64_2.0.0.202105311346/tools/bin/../lib/gcc/arm-none-eabi/9.3.1/thumb/v7e-m+fp/hard/crtn.o
                0x0000000020018000                _estack = (ORIGIN (RAM) + LENGTH (RAM))
                0x0000000000000200                _Min_Heap_Size = 0x200
                0x0000000000000400                _Min_Stack_Size = 0x400

.isr_vector     0x0000000008000000      0x194
                0x0000000008000000                . = ALIGN (0x4)
 *(.isr_vector)
 .isr_vector    0x0000000008000000      0x194 ./Core/Startup/startup_stm32f401cdux.o
                0x0000000008000000                g_pfnVectors
                0x0000000008000194                . = ALIGN (0x4)

.text           0x00000000080001a0     0xc6c0
                0x00000000080001a0                . = ALIGN (0x4)
 *(.text)
 .text          0x00000000080001a0       0x40 /opt/st/stm32cubeide_1.5.0/plugins/com.st.stm32cube.ide.mcu.externaltools.gnu-tools-for-stm32.9-2020-q2-update.linux64_2.0.0.202105311346/tools/bin/../lib/gcc/arm-none-eabi/9.3.1/thumb/v7e-m+fp/hard/crtbegin.o
 .text          0x00000000080001e0       0x10 /opt/st/stm32cubeide_1.5.0/plugins/com.st.stm32cube.ide.mcu.externaltools.gnu-tools-for-stm32.9-2020-q2-update.linux64_2.0.0.202105311346/tools/bin/../lib/gcc/arm-none-eabi/9.3.1/../../../../arm-none-eabi/lib/thumb/v7e-m+fp/hard/libc_nano.a(lib_a-strlen.o)
                0x00000000080001e0                strlen
 .text          0x00000000080001f0       0xa0 /opt/st/stm32cubeide_1.5.0/plugins/com.st.stm32cube.ide.mcu.externaltools.gnu-tools-for-stm32.9-2020-q2-update.linux64_2.0.0.202105311346/tools/bin/../lib/gcc/arm-none-eabi/9.3.1/../../../../arm-none-eabi/lib/thumb/v7e-m+fp/hard/libc_nano.a(lib_a-memchr.o)
                0x00000000080001f0                memchr
 .text          0x0000000008000290      0x378 /opt/st/stm32cubeide_1.5.0/plugins/com.st.stm32cube.ide.mcu.externaltools.gnu-tools-for-stm32.9-2020-q2-update.linux64_2.0.0.202105311346/tools/bin/../lib/gcc/arm-none-eabi/9.3.1/thumb/v7e-m+fp/hard/libgcc.a(_arm_addsubdf3.o)
                0x0000000008000290                __aeabi_drsub
                0x0000000008000298                __aeabi_dsub
                0x0000000008000298                __subdf3
                0x000000000800029c                __adddf3
                0x000000000800029c                __aeabi_dadd
                0x0000000008000514                __aeabi_ui2d
                0x0000000008000514                __floatunsidf
                0x0000000008000534                __floatsidf
                0x0000000008000534                __aeabi_i2d
                0x0000000008000558                __extendsfdf2
                0x0000000008000558                __aeabi_f2d
                0x000000000800059c                __aeabi_ul2d
                0x000000000800059c                __floatundidf
                0x00000000080005ac                __floatdidf
                0x00000000080005ac                __aeabi_l2d
 .text          0x0000000008000608      0x424 /opt/st/stm32cubeide_1.5.0/plugins/com.st.stm32cube.ide.mcu.externaltools.gnu-tools-for-stm32.9-2020-q2-update.linux64_2.0.0.202105311346/tools/bin/../lib/gcc/arm-none-eabi/9.3.1/thumb/v7e-m+fp/hard/libgcc.a(_arm_muldivdf3.o)
                0x0000000008000608                __aeabi_dmul
                0x0000000008000608                __muldf3
                0x000000000800085c                __aeabi_ddiv
                0x000000000800085c                __divdf3
 .text          0x0000000008000a2c      0x110 /opt/st/stm32cubeide_1.5.0/plugins/com.st.stm32cube.ide.mcu.externaltools.gnu-tools-for-stm32.9-2020-q2-update.linux64_2.0.0.202105311346/tools/bin/../lib/gcc/arm-none-eabi/9.3.1/thumb/v7e-m+fp/hard/libgcc.a(_arm_cmpdf2.o)
                0x0000000008000a2c                __gtdf2
                0x0000000008000a2c                __gedf2
                0x0000000008000a34                __ltdf2
                0x0000000008000a34                __ledf2
                0x0000000008000a3c                __cmpdf2
                0x0000000008000a3c                __eqdf2
                0x0000000008000a3c                __nedf2
                0x0000000008000ab8                __aeabi_cdrcmple
                0x0000000008000ac8                __aeabi_cdcmple
                0x0000000008000ac8                __aeabi_cdcmpeq
                0x0000000008000ad8                __aeabi_dcmpeq
                0x0000000008000aec                __aeabi_dcmplt
                0x0000000008000b00                __aeabi_dcmple
                0x0000000008000b14                __aeabi_dcmpge
                0x0000000008000b28                __aeabi_dcmpgt
 .text          0x0000000008000b3c       0x2c /opt/st/stm32cubeide_1.5.0/plugins/com.st.stm32cube.ide.mcu.externaltools.gnu-tools-for-stm32.9-2020-q2-update.linux64_2.0.0.202105311346/tools/bin/../lib/gcc/arm-none-eabi/9.3.1/thumb/v7e-m+fp/hard/libgcc.a(_arm_unorddf2.o)
                0x0000000008000b3c                __aeabi_dcmpun
                0x0000000008000b3c                __unorddf2
 .text          0x0000000008000b68       0x50 /opt/st/stm32cubeide_1.5.0/plugins/com.st.stm32cube.ide.mcu.externaltools.gnu-tools-for-stm32.9-2020-q2-update.linux64_2.0.0.202105311346/tools/bin/../lib/gcc/arm-none-eabi/9.3.1/thumb/v7e-m+fp/hard/libgcc.a(_arm_fixdfsi.o)
                0x0000000008000b68                __fixdfsi
                0x0000000008000b68                __aeabi_d2iz
 .text          0x0000000008000bb8       0xa0 /opt/st/stm32cubeide_1.5.0/plugins/com.st.stm32cube.ide.mcu.externaltools.gnu-tools-for-stm32.9-2020-q2-update.linux64_2.0.0.202105311346/tools/bin/../lib/gcc/arm-none-eabi/9.3.1/thumb/v7e-m+fp/hard/libgcc.a(_arm_truncdfsf2.o)
                0x0000000008000bb8                __aeabi_d2f
                0x0000000008000bb8                __truncdfsf2
 .text          0x0000000008000c58       0x30 /opt/st/stm32cubeide_1.5.0/plugins/com.st.stm32cube.ide.mcu.externaltools.gnu-tools-for-stm32.9-2020-q2-update.linux64_2.0.0.202105311346/tools/bin/../lib/gcc/arm-none-eabi/9.3.1/thumb/v7e-m+fp/hard/libgcc.a(_aeabi_uldivmod.o)
                0x0000000008000c58                __aeabi_uldivmod
 .text          0x0000000008000c88      0x2c4 /opt/st/stm32cubeide_1.5.0/plugins/com.st.stm32cube.ide.mcu.externaltools.gnu-tools-for-stm32.9-2020-q2-update.linux64_2.0.0.202105311346/tools/bin/../lib/gcc/arm-none-eabi/9.3.1/thumb/v7e-m+fp/hard/libgcc.a(_udivmoddi4.o)
                0x0000000008000c88                __udivmoddi4
 .text          0x0000000008000f4c        0x4 /opt/st/stm32cubeide_1.5.0/plugins/com.st.stm32cube.ide.mcu.externaltools.gnu-tools-for-stm32.9-2020-q2-update.linux64_2.0.0.202105311346/tools/bin/../lib/gcc/arm-none-eabi/9.3.1/thumb/v7e-m+fp/hard/libgcc.a(_dvmd_tls.o)
                0x0000000008000f4c                __aeabi_ldiv0
                0x0000000008000f4c                __aeabi_idiv0
 *(.text*)
 .text.getImageDataDual
                0x0000000008000f50        0x8 ./Core/Src/dual240.o
                0x0000000008000f50                getImageDataDual
 .text.hsv2rgb.constprop.0
                0x0000000008000f58      0x134 ./Core/Src/main.o
 .text.paintLevels.constprop.0
                0x000000000800108c      0x1e4 ./Core/Src/main.o
 .text.TIM1_TE1
                0x0000000008001270        0x4 ./Core/Src/main.o
                0x0000000008001270                TIM1_TE1
 .text.TIM1_TC2
                0x0000000008001274        0x4 ./Core/Src/main.o
                0x0000000008001274                TIM1_TC2
 .text.TIM1_HT2
                0x0000000008001278        0x4 ./Core/Src/main.o
                0x0000000008001278                TIM1_HT2
 .text.TIM1_TE2
                0x000000000800127c        0x4 ./Core/Src/main.o
                0x000000000800127c                TIM1_TE2
 .text.init_timers
                0x0000000008001280      0x138 ./Core/Src/main.o
                0x0000000008001280                init_timers
 .text._write   0x00000000080013b8       0x6c ./Core/Src/main.o
                0x00000000080013b8                _write
 .text.getNextSampleLR
                0x0000000008001424       0xb8 ./Core/Src/main.o
                0x0000000008001424                getNextSampleLR
 .text.AUDIO_Init
                0x00000000080014dc       0x18 ./Core/Src/main.o
                0x00000000080014dc                AUDIO_Init
 .text.AUDIO_OUT_Start
                0x00000000080014f4       0x54 ./Core/Src/main.o
                0x00000000080014f4                AUDIO_OUT_Start
 .text.AUDIO_OUT_Periodic
                0x0000000008001548      0x2f0 ./Core/Src/main.o
                0x0000000008001548                AUDIO_OUT_Periodic
 .text.readDataTim
                0x0000000008001838       0xdc ./Core/Src/main.o
                0x0000000008001838                readDataTim
 .text.TIM1_TC1
                0x0000000008001914       0xb4 ./Core/Src/main.o
                0x0000000008001914                TIM1_TC1
 .text.TIM1_HT1
                0x00000000080019c8       0x28 ./Core/Src/main.o
                0x00000000080019c8                TIM1_HT1
 .text.HAL_I2S_TxCpltCallback
                0x00000000080019f0      0x180 ./Core/Src/main.o
                0x00000000080019f0                HAL_I2S_TxCpltCallback
 .text.HAL_I2S_ErrorCallback
                0x0000000008001b70        0xc ./Core/Src/main.o
                0x0000000008001b70                HAL_I2S_ErrorCallback
 .text.getLCD_Data
                0x0000000008001b7c       0x14 ./Core/Src/main.o
                0x0000000008001b7c                getLCD_Data
 .text.tableSetup
                0x0000000008001b90      0x104 ./Core/Src/main.o
                0x0000000008001b90                tableSetup
 *fill*         0x0000000008001c94        0x4 
 .text.tableSetup1
                0x0000000008001c98      0x1d8 ./Core/Src/main.o
                0x0000000008001c98                tableSetup1
 .text.SystemClock_Config
                0x0000000008001e70       0xac ./Core/Src/main.o
                0x0000000008001e70                SystemClock_Config
 *fill*         0x0000000008001f1c        0x4 
 .text.startup.main
                0x0000000008001f20     0x1014 ./Core/Src/main.o
                0x0000000008001f20                main
 .text.Error_Handler
                0x0000000008002f34        0x4 ./Core/Src/main.o
                0x0000000008002f34                Error_Handler
 .text.setLCD   0x0000000008002f38       0x74 ./Core/Src/st7789.o
                0x0000000008002f38                setLCD
 .text.color_convertRGB_to16d
                0x0000000008002fac       0x1c ./Core/Src/st7789.o
                0x0000000008002fac                color_convertRGB_to16d
 .text.LCD_setRotation
                0x0000000008002fc8      0x158 ./Core/Src/st7789.o
                0x0000000008002fc8                LCD_setRotation
 .text.LCD_getWidth
                0x0000000008003120        0x4 ./Core/Src/st7789.o
                0x0000000008003120                LCD_getWidth
 .text.LCD_getHeight
                0x0000000008003124        0x4 ./Core/Src/st7789.o
                0x0000000008003124                LCD_getHeight
 .text.displayInit
                0x0000000008003128       0xf0 ./Core/Src/st7789.o
                0x0000000008003128                displayInit
 .text.LCD_reset
                0x0000000008003218       0x50 ./Core/Src/st7789.o
                0x0000000008003218                LCD_reset
 .text.LCD_init
                0x0000000008003268       0x9c ./Core/Src/st7789.o
                0x0000000008003268                LCD_init
 .text.setAddrWindow
                0x0000000008003304      0x1dc ./Core/Src/st7789.o
                0x0000000008003304                setAddrWindow
 .text.LCD_fillRectData
                0x00000000080034e0       0x50 ./Core/Src/st7789.o
                0x00000000080034e0                LCD_fillRectData
 .text.LCD_fillRectDataTable
                0x0000000008003530       0xb4 ./Core/Src/st7789.o
                0x0000000008003530                LCD_fillRectDataTable
 .text.LCD_Draw_LineNX
                0x00000000080035e4       0xf4 ./Core/Src/st7789.o
                0x00000000080035e4                LCD_Draw_LineNX
 .text.LCD_Draw_LinePNX
                0x00000000080036d8      0x100 ./Core/Src/st7789.o
                0x00000000080036d8                LCD_Draw_LinePNX
 .text.LCD_Draw_LinePNXShadow
                0x00000000080037d8      0x134 ./Core/Src/st7789.o
                0x00000000080037d8                LCD_Draw_LinePNXShadow
 .text.HAL_MspInit
                0x000000000800390c       0x38 ./Core/Src/stm32f4xx_hal_msp.o
                0x000000000800390c                HAL_MspInit
 .text.HAL_I2S_MspInit
                0x0000000008003944       0xf0 ./Core/Src/stm32f4xx_hal_msp.o
                0x0000000008003944                HAL_I2S_MspInit
 .text.HAL_SPI_MspInit
                0x0000000008003a34       0xb8 ./Core/Src/stm32f4xx_hal_msp.o
                0x0000000008003a34                HAL_SPI_MspInit
 .text.HAL_TIM_Encoder_MspInit
                0x0000000008003aec       0x6c ./Core/Src/stm32f4xx_hal_msp.o
                0x0000000008003aec                HAL_TIM_Encoder_MspInit
 .text.HAL_TIM_Base_MspInit
                0x0000000008003b58       0x30 ./Core/Src/stm32f4xx_hal_msp.o
                0x0000000008003b58                HAL_TIM_Base_MspInit
 .text.HAL_UART_MspInit
                0x0000000008003b88       0x70 ./Core/Src/stm32f4xx_hal_msp.o
                0x0000000008003b88                HAL_UART_MspInit
 .text.NMI_Handler
                0x0000000008003bf8        0x4 ./Core/Src/stm32f4xx_it.o
                0x0000000008003bf8                NMI_Handler
 .text.HardFault_Handler
                0x0000000008003bfc        0x4 ./Core/Src/stm32f4xx_it.o
                0x0000000008003bfc                HardFault_Handler
 .text.MemManage_Handler
                0x0000000008003c00        0x4 ./Core/Src/stm32f4xx_it.o
                0x0000000008003c00                MemManage_Handler
 .text.BusFault_Handler
                0x0000000008003c04        0x4 ./Core/Src/stm32f4xx_it.o
                0x0000000008003c04                BusFault_Handler
 .text.UsageFault_Handler
                0x0000000008003c08        0x4 ./Core/Src/stm32f4xx_it.o
                0x0000000008003c08                UsageFault_Handler
 .text.SVC_Handler
                0x0000000008003c0c        0x4 ./Core/Src/stm32f4xx_it.o
                0x0000000008003c0c                SVC_Handler
 .text.DebugMon_Handler
                0x0000000008003c10        0x4 ./Core/Src/stm32f4xx_it.o
                0x0000000008003c10                DebugMon_Handler
 .text.PendSV_Handler
                0x0000000008003c14        0x4 ./Core/Src/stm32f4xx_it.o
                0x0000000008003c14                PendSV_Handler
 .text.SysTick_Handler
                0x0000000008003c18        0x4 ./Core/Src/stm32f4xx_it.o
                0x0000000008003c18                SysTick_Handler
 .text.DMA1_Stream4_IRQHandler
                0x0000000008003c1c        0xc ./Core/Src/stm32f4xx_it.o
                0x0000000008003c1c                DMA1_Stream4_IRQHandler
 .text.DMA2_Stream1_IRQHandler
                0x0000000008003c28       0x54 ./Core/Src/stm32f4xx_it.o
                0x0000000008003c28                DMA2_Stream1_IRQHandler
 .text.DMA2_Stream2_IRQHandler
                0x0000000008003c7c       0x54 ./Core/Src/stm32f4xx_it.o
                0x0000000008003c7c                DMA2_Stream2_IRQHandler
 .text.OTG_FS_IRQHandler
                0x0000000008003cd0        0xc ./Core/Src/stm32f4xx_it.o
                0x0000000008003cd0                OTG_FS_IRQHandler
 .text._getpid  0x0000000008003cdc        0x4 ./Core/Src/syscalls.o
                0x0000000008003cdc                _getpid
 .text._kill    0x0000000008003ce0       0x10 ./Core/Src/syscalls.o
                0x0000000008003ce0                _kill
 .text._exit    0x0000000008003cf0        0xc ./Core/Src/syscalls.o
                0x0000000008003cf0                _exit
 .text._read    0x0000000008003cfc       0x1c ./Core/Src/syscalls.o
                0x0000000008003cfc                _read
 .text._close   0x0000000008003d18        0x8 ./Core/Src/syscalls.o
                0x0000000008003d18                _close
 .text._fstat   0x0000000008003d20        0xc ./Core/Src/syscalls.o
                0x0000000008003d20                _fstat
 .text._isatty  0x0000000008003d2c        0x4 ./Core/Src/syscalls.o
                0x0000000008003d2c                _isatty
 .text._lseek   0x0000000008003d30        0x4 ./Core/Src/syscalls.o
                0x0000000008003d30                _lseek
 .text._sbrk    0x0000000008003d34       0x44 ./Core/Src/sysmem.o
                0x0000000008003d34                _sbrk
 .text.SystemInit
                0x0000000008003d78       0x14 ./Core/Src/system_stm32f4xx.o
                0x0000000008003d78                SystemInit
 .text.getImageData
                0x0000000008003d8c        0x8 ./Core/Src/uvmete240.o
                0x0000000008003d8c                getImageData
 .text.Reset_Handler
                0x0000000008003d94       0x50 ./Core/Startup/startup_stm32f401cdux.o
                0x0000000008003d94                Reset_Handler
 .text.Default_Handler
                0x0000000008003de4        0x2 ./Core/Startup/startup_stm32f401cdux.o
                0x0000000008003de4                RTC_Alarm_IRQHandler
                0x0000000008003de4                EXTI2_IRQHandler
                0x0000000008003de4                SPI4_IRQHandler
                0x0000000008003de4                TIM1_CC_IRQHandler
                0x0000000008003de4                DMA2_Stream5_IRQHandler
                0x0000000008003de4                DMA1_Stream5_IRQHandler
                0x0000000008003de4                PVD_IRQHandler
                0x0000000008003de4                SDIO_IRQHandler
                0x0000000008003de4                TAMP_STAMP_IRQHandler
                0x0000000008003de4                EXTI3_IRQHandler
                0x0000000008003de4                TIM1_UP_TIM10_IRQHandler
                0x0000000008003de4                I2C3_ER_IRQHandler
                0x0000000008003de4                EXTI0_IRQHandler
                0x0000000008003de4                I2C2_EV_IRQHandler
                0x0000000008003de4                DMA1_Stream2_IRQHandler
                0x0000000008003de4                FPU_IRQHandler
                0x0000000008003de4                SPI1_IRQHandler
                0x0000000008003de4                TIM1_BRK_TIM9_IRQHandler
                0x0000000008003de4                DMA2_Stream3_IRQHandler
                0x0000000008003de4                USART6_IRQHandler
                0x0000000008003de4                DMA2_Stream0_IRQHandler
                0x0000000008003de4                TIM4_IRQHandler
                0x0000000008003de4                I2C1_EV_IRQHandler
                0x0000000008003de4                DMA1_Stream6_IRQHandler
                0x0000000008003de4                DMA1_Stream1_IRQHandler
                0x0000000008003de4                TIM3_IRQHandler
                0x0000000008003de4                RCC_IRQHandler
                0x0000000008003de4                Default_Handler
                0x0000000008003de4                EXTI15_10_IRQHandler
                0x0000000008003de4                ADC_IRQHandler
                0x0000000008003de4                DMA1_Stream7_IRQHandler
                0x0000000008003de4                TIM5_IRQHandler
                0x0000000008003de4                DMA2_Stream7_IRQHandler
                0x0000000008003de4                I2C3_EV_IRQHandler
                0x0000000008003de4                EXTI9_5_IRQHandler
                0x0000000008003de4                RTC_WKUP_IRQHandler
                0x0000000008003de4                SPI2_IRQHandler
                0x0000000008003de4                DMA1_Stream0_IRQHandler
                0x0000000008003de4                EXTI4_IRQHandler
                0x0000000008003de4                WWDG_IRQHandler
                0x0000000008003de4                TIM2_IRQHandler
                0x0000000008003de4                OTG_FS_WKUP_IRQHandler
                0x0000000008003de4                TIM1_TRG_COM_TIM11_IRQHandler
                0x0000000008003de4                EXTI1_IRQHandler
                0x0000000008003de4                USART2_IRQHandler
                0x0000000008003de4                I2C2_ER_IRQHandler
                0x0000000008003de4                FLASH_IRQHandler
                0x0000000008003de4                DMA2_Stream4_IRQHandler
                0x0000000008003de4                USART1_IRQHandler
                0x0000000008003de4                SPI3_IRQHandler
                0x0000000008003de4                I2C1_ER_IRQHandler
                0x0000000008003de4                DMA2_Stream6_IRQHandler
                0x0000000008003de4                DMA1_Stream3_IRQHandler
 *fill*         0x0000000008003de6        0x2 
 .text.HAL_InitTick
                0x0000000008003de8       0x48 ./Drivers/STM32F4xx_HAL_Driver/Src/stm32f4xx_hal.o
                0x0000000008003de8                HAL_InitTick
 .text.HAL_Init
                0x0000000008003e30       0x34 ./Drivers/STM32F4xx_HAL_Driver/Src/stm32f4xx_hal.o
                0x0000000008003e30                HAL_Init
 .text.HAL_IncTick
                0x0000000008003e64       0x18 ./Drivers/STM32F4xx_HAL_Driver/Src/stm32f4xx_hal.o
                0x0000000008003e64                HAL_IncTick
 .text.HAL_GetTick
                0x0000000008003e7c        0xc ./Drivers/STM32F4xx_HAL_Driver/Src/stm32f4xx_hal.o
                0x0000000008003e7c                HAL_GetTick
 .text.HAL_Delay
                0x0000000008003e88       0x24 ./Drivers/STM32F4xx_HAL_Driver/Src/stm32f4xx_hal.o
                0x0000000008003e88                HAL_Delay
 .text.HAL_NVIC_SetPriorityGrouping
                0x0000000008003eac       0x28 ./Drivers/STM32F4xx_HAL_Driver/Src/stm32f4xx_hal_cortex.o
                0x0000000008003eac                HAL_NVIC_SetPriorityGrouping
 .text.HAL_NVIC_SetPriority
                0x0000000008003ed4       0x70 ./Drivers/STM32F4xx_HAL_Driver/Src/stm32f4xx_hal_cortex.o
                0x0000000008003ed4                HAL_NVIC_SetPriority
 .text.HAL_NVIC_EnableIRQ
                0x0000000008003f44       0x1c ./Drivers/STM32F4xx_HAL_Driver/Src/stm32f4xx_hal_cortex.o
                0x0000000008003f44                HAL_NVIC_EnableIRQ
 .text.HAL_SYSTICK_Config
                0x0000000008003f60       0x34 ./Drivers/STM32F4xx_HAL_Driver/Src/stm32f4xx_hal_cortex.o
                0x0000000008003f60                HAL_SYSTICK_Config
 .text.HAL_DMA_Init
                0x0000000008003f94      0x134 ./Drivers/STM32F4xx_HAL_Driver/Src/stm32f4xx_hal_dma.o
                0x0000000008003f94                HAL_DMA_Init
 .text.HAL_DMA_IRQHandler
                0x00000000080040c8      0x1e0 ./Drivers/STM32F4xx_HAL_Driver/Src/stm32f4xx_hal_dma.o
                0x00000000080040c8                HAL_DMA_IRQHandler
 .text.HAL_GPIO_Init
                0x00000000080042a8      0x1d8 ./Drivers/STM32F4xx_HAL_Driver/Src/stm32f4xx_hal_gpio.o
                0x00000000080042a8                HAL_GPIO_Init
 .text.HAL_GPIO_ReadPin
                0x0000000008004480        0xc ./Drivers/STM32F4xx_HAL_Driver/Src/stm32f4xx_hal_gpio.o
                0x0000000008004480                HAL_GPIO_ReadPin
 .text.HAL_GPIO_WritePin
                0x000000000800448c        0x8 ./Drivers/STM32F4xx_HAL_Driver/Src/stm32f4xx_hal_gpio.o
                0x000000000800448c                HAL_GPIO_WritePin
 .text.HAL_I2S_Init
                0x0000000008004494      0x138 ./Drivers/STM32F4xx_HAL_Driver/Src/stm32f4xx_hal_i2s.o
                0x0000000008004494                HAL_I2S_Init
 .text.HAL_I2S_RxCpltCallback
                0x00000000080045cc        0x4 ./Drivers/STM32F4xx_HAL_Driver/Src/stm32f4xx_hal_i2s.o
                0x00000000080045cc                HAL_I2S_RxCpltCallback
 .text.I2S_IRQHandler
                0x00000000080045d0      0x108 ./Drivers/STM32F4xx_HAL_Driver/Src/stm32f4xx_hal_i2s.o
 .text.HAL_I2SEx_TxRxCpltCallback
                0x00000000080046d8        0x4 ./Drivers/STM32F4xx_HAL_Driver/Src/stm32f4xx_hal_i2s_ex.o
                0x00000000080046d8                HAL_I2SEx_TxRxCpltCallback
 .text.HAL_I2SEx_FullDuplex_IRQHandler
                0x00000000080046dc      0x254 ./Drivers/STM32F4xx_HAL_Driver/Src/stm32f4xx_hal_i2s_ex.o
                0x00000000080046dc                HAL_I2SEx_FullDuplex_IRQHandler
 .text.HAL_PCD_Init
                0x0000000008004930      0x118 ./Drivers/STM32F4xx_HAL_Driver/Src/stm32f4xx_hal_pcd.o
                0x0000000008004930                HAL_PCD_Init
 .text.HAL_PCD_Start
                0x0000000008004a48       0x40 ./Drivers/STM32F4xx_HAL_Driver/Src/stm32f4xx_hal_pcd.o
                0x0000000008004a48                HAL_PCD_Start
 .text.HAL_PCD_IRQHandler
                0x0000000008004a88      0x62c ./Drivers/STM32F4xx_HAL_Driver/Src/stm32f4xx_hal_pcd.o
                0x0000000008004a88                HAL_PCD_IRQHandler
 .text.HAL_PCD_SetAddress
                0x00000000080050b4       0x28 ./Drivers/STM32F4xx_HAL_Driver/Src/stm32f4xx_hal_pcd.o
                0x00000000080050b4                HAL_PCD_SetAddress
 .text.HAL_PCD_EP_Open
                0x00000000080050dc       0x6c ./Drivers/STM32F4xx_HAL_Driver/Src/stm32f4xx_hal_pcd.o
                0x00000000080050dc                HAL_PCD_EP_Open
 .text.HAL_PCD_EP_Close
                0x0000000008005148       0x60 ./Drivers/STM32F4xx_HAL_Driver/Src/stm32f4xx_hal_pcd.o
                0x0000000008005148                HAL_PCD_EP_Close
 .text.HAL_PCD_EP_Receive
                0x00000000080051a8       0x50 ./Drivers/STM32F4xx_HAL_Driver/Src/stm32f4xx_hal_pcd.o
                0x00000000080051a8                HAL_PCD_EP_Receive
 .text.HAL_PCD_EP_GetRxCount
                0x00000000080051f8       0x14 ./Drivers/STM32F4xx_HAL_Driver/Src/stm32f4xx_hal_pcd.o
                0x00000000080051f8                HAL_PCD_EP_GetRxCount
 .text.HAL_PCD_EP_Transmit
                0x000000000800520c       0x48 ./Drivers/STM32F4xx_HAL_Driver/Src/stm32f4xx_hal_pcd.o
                0x000000000800520c                HAL_PCD_EP_Transmit
 .text.HAL_PCD_EP_SetStall
                0x0000000008005254       0x88 ./Drivers/STM32F4xx_HAL_Driver/Src/stm32f4xx_hal_pcd.o
                0x0000000008005254                HAL_PCD_EP_SetStall
 .text.HAL_PCD_EP_ClrStall
                0x00000000080052dc       0x74 ./Drivers/STM32F4xx_HAL_Driver/Src/stm32f4xx_hal_pcd.o
                0x00000000080052dc                HAL_PCD_EP_ClrStall
 .text.HAL_PCDEx_SetTxFiFo
                0x0000000008005350       0x48 ./Drivers/STM32F4xx_HAL_Driver/Src/stm32f4xx_hal_pcd_ex.o
                0x0000000008005350                HAL_PCDEx_SetTxFiFo
 .text.HAL_PCDEx_SetRxFiFo
                0x0000000008005398        0x8 ./Drivers/STM32F4xx_HAL_Driver/Src/stm32f4xx_hal_pcd_ex.o
                0x0000000008005398                HAL_PCDEx_SetRxFiFo
 .text.HAL_PCDEx_LPM_Callback
                0x00000000080053a0        0x4 ./Drivers/STM32F4xx_HAL_Driver/Src/stm32f4xx_hal_pcd_ex.o
                0x00000000080053a0                HAL_PCDEx_LPM_Callback
 .text.HAL_RCC_OscConfig
                0x00000000080053a4      0x3cc ./Drivers/STM32F4xx_HAL_Driver/Src/stm32f4xx_hal_rcc.o
                0x00000000080053a4                HAL_RCC_OscConfig
 .text.HAL_RCC_GetSysClockFreq
                0x0000000008005770       0x6c ./Drivers/STM32F4xx_HAL_Driver/Src/stm32f4xx_hal_rcc.o
                0x0000000008005770                HAL_RCC_GetSysClockFreq
 .text.HAL_RCC_ClockConfig
                0x00000000080057dc      0x13c ./Drivers/STM32F4xx_HAL_Driver/Src/stm32f4xx_hal_rcc.o
                0x00000000080057dc                HAL_RCC_ClockConfig
 .text.HAL_RCC_GetHCLKFreq
                0x0000000008005918        0xc ./Drivers/STM32F4xx_HAL_Driver/Src/stm32f4xx_hal_rcc.o
                0x0000000008005918                HAL_RCC_GetHCLKFreq
 .text.HAL_RCC_GetPCLK1Freq
                0x0000000008005924       0x20 ./Drivers/STM32F4xx_HAL_Driver/Src/stm32f4xx_hal_rcc.o
                0x0000000008005924                HAL_RCC_GetPCLK1Freq
 .text.HAL_RCC_GetPCLK2Freq
                0x0000000008005944       0x20 ./Drivers/STM32F4xx_HAL_Driver/Src/stm32f4xx_hal_rcc.o
                0x0000000008005944                HAL_RCC_GetPCLK2Freq
 .text.HAL_RCCEx_PeriphCLKConfig
                0x0000000008005964      0x154 ./Drivers/STM32F4xx_HAL_Driver/Src/stm32f4xx_hal_rcc_ex.o
                0x0000000008005964                HAL_RCCEx_PeriphCLKConfig
 .text.HAL_RCCEx_GetPeriphCLKFreq
                0x0000000008005ab8       0x4c ./Drivers/STM32F4xx_HAL_Driver/Src/stm32f4xx_hal_rcc_ex.o
                0x0000000008005ab8                HAL_RCCEx_GetPeriphCLKFreq
 .text.SPI_WaitFlagStateUntilTimeout.constprop.0
                0x0000000008005b04       0xc0 ./Drivers/STM32F4xx_HAL_Driver/Src/stm32f4xx_hal_spi.o
 .text.HAL_SPI_Init
                0x0000000008005bc4       0xc0 ./Drivers/STM32F4xx_HAL_Driver/Src/stm32f4xx_hal_spi.o
                0x0000000008005bc4                HAL_SPI_Init
 .text.HAL_SPI_Transmit
                0x0000000008005c84      0x248 ./Drivers/STM32F4xx_HAL_Driver/Src/stm32f4xx_hal_spi.o
                0x0000000008005c84                HAL_SPI_Transmit
 .text.HAL_SPI_TransmitReceive
                0x0000000008005ecc      0x30c ./Drivers/STM32F4xx_HAL_Driver/Src/stm32f4xx_hal_spi.o
                0x0000000008005ecc                HAL_SPI_TransmitReceive
 .text.HAL_TIM_Base_Init
                0x00000000080061d8       0xfc ./Drivers/STM32F4xx_HAL_Driver/Src/stm32f4xx_hal_tim.o
                0x00000000080061d8                HAL_TIM_Base_Init
 .text.HAL_TIM_Base_Start
                0x00000000080062d4       0x60 ./Drivers/STM32F4xx_HAL_Driver/Src/stm32f4xx_hal_tim.o
                0x00000000080062d4                HAL_TIM_Base_Start
 .text.HAL_TIM_Encoder_Init
                0x0000000008006334      0x158 ./Drivers/STM32F4xx_HAL_Driver/Src/stm32f4xx_hal_tim.o
                0x0000000008006334                HAL_TIM_Encoder_Init
 .text.HAL_TIM_Encoder_Start
                0x000000000800648c       0xb8 ./Drivers/STM32F4xx_HAL_Driver/Src/stm32f4xx_hal_tim.o
                0x000000000800648c                HAL_TIM_Encoder_Start
 .text.HAL_TIM_ConfigClockSource
                0x0000000008006544      0x160 ./Drivers/STM32F4xx_HAL_Driver/Src/stm32f4xx_hal_tim.o
                0x0000000008006544                HAL_TIM_ConfigClockSource
 .text.HAL_TIMEx_MasterConfigSynchronization
                0x00000000080066a4       0x74 ./Drivers/STM32F4xx_HAL_Driver/Src/stm32f4xx_hal_tim_ex.o
                0x00000000080066a4                HAL_TIMEx_MasterConfigSynchronization
 .text.HAL_UART_Init
                0x0000000008006718      0x138 ./Drivers/STM32F4xx_HAL_Driver/Src/stm32f4xx_hal_uart.o
                0x0000000008006718                HAL_UART_Init
 .text.HAL_UART_Transmit
                0x0000000008006850      0x15c ./Drivers/STM32F4xx_HAL_Driver/Src/stm32f4xx_hal_uart.o
                0x0000000008006850                HAL_UART_Transmit
 .text.LL_GPIO_Init
                0x00000000080069ac      0x148 ./Drivers/STM32F4xx_HAL_Driver/Src/stm32f4xx_ll_gpio.o
                0x00000000080069ac                LL_GPIO_Init
 .text.LL_TIM_Init
                0x0000000008006af4       0x98 ./Drivers/STM32F4xx_HAL_Driver/Src/stm32f4xx_ll_tim.o
                0x0000000008006af4                LL_TIM_Init
 .text.LL_TIM_OC_Init
                0x0000000008006b8c      0x1bc ./Drivers/STM32F4xx_HAL_Driver/Src/stm32f4xx_ll_tim.o
                0x0000000008006b8c                LL_TIM_OC_Init
 .text.LL_TIM_BDTR_Init
                0x0000000008006d48       0x38 ./Drivers/STM32F4xx_HAL_Driver/Src/stm32f4xx_ll_tim.o
                0x0000000008006d48                LL_TIM_BDTR_Init
 .text.USB_CoreInit
                0x0000000008006d80      0x100 ./Drivers/STM32F4xx_HAL_Driver/Src/stm32f4xx_ll_usb.o
                0x0000000008006d80                USB_CoreInit
 .text.USB_SetTurnaroundTime
                0x0000000008006e80       0xf0 ./Drivers/STM32F4xx_HAL_Driver/Src/stm32f4xx_ll_usb.o
                0x0000000008006e80                USB_SetTurnaroundTime
 .text.USB_EnableGlobalInt
                0x0000000008006f70       0x10 ./Drivers/STM32F4xx_HAL_Driver/Src/stm32f4xx_ll_usb.o
                0x0000000008006f70                USB_EnableGlobalInt
 .text.USB_DisableGlobalInt
                0x0000000008006f80       0x10 ./Drivers/STM32F4xx_HAL_Driver/Src/stm32f4xx_ll_usb.o
                0x0000000008006f80                USB_DisableGlobalInt
 .text.USB_SetCurrentMode
                0x0000000008006f90       0x70 ./Drivers/STM32F4xx_HAL_Driver/Src/stm32f4xx_ll_usb.o
                0x0000000008006f90                USB_SetCurrentMode
 .text.USB_DevInit
                0x0000000008007000      0x1e0 ./Drivers/STM32F4xx_HAL_Driver/Src/stm32f4xx_ll_usb.o
                0x0000000008007000                USB_DevInit
 .text.USB_FlushTxFifo
                0x00000000080071e0       0x34 ./Drivers/STM32F4xx_HAL_Driver/Src/stm32f4xx_ll_usb.o
                0x00000000080071e0                USB_FlushTxFifo
 .text.USB_GetDevSpeed
                0x0000000008007214       0x18 ./Drivers/STM32F4xx_HAL_Driver/Src/stm32f4xx_ll_usb.o
                0x0000000008007214                USB_GetDevSpeed
 .text.USB_ActivateEndpoint
                0x000000000800722c       0x98 ./Drivers/STM32F4xx_HAL_Driver/Src/stm32f4xx_ll_usb.o
                0x000000000800722c                USB_ActivateEndpoint
 .text.USB_DeactivateEndpoint
                0x00000000080072c4       0xc4 ./Drivers/STM32F4xx_HAL_Driver/Src/stm32f4xx_ll_usb.o
                0x00000000080072c4                USB_DeactivateEndpoint
 .text.USB_EPStartXfer
                0x0000000008007388      0x22c ./Drivers/STM32F4xx_HAL_Driver/Src/stm32f4xx_ll_usb.o
                0x0000000008007388                USB_EPStartXfer
 .text.USB_EP0StartXfer
                0x00000000080075b4      0x154 ./Drivers/STM32F4xx_HAL_Driver/Src/stm32f4xx_ll_usb.o
                0x00000000080075b4                USB_EP0StartXfer
 .text.USB_WritePacket
                0x0000000008007708       0x2c ./Drivers/STM32F4xx_HAL_Driver/Src/stm32f4xx_ll_usb.o
                0x0000000008007708                USB_WritePacket
 .text.USB_ReadPacket
                0x0000000008007734       0x4c ./Drivers/STM32F4xx_HAL_Driver/Src/stm32f4xx_ll_usb.o
                0x0000000008007734                USB_ReadPacket
 .text.USB_EPSetStall
                0x0000000008007780       0x5c ./Drivers/STM32F4xx_HAL_Driver/Src/stm32f4xx_ll_usb.o
                0x0000000008007780                USB_EPSetStall
 .text.USB_EPClearStall
                0x00000000080077dc       0x58 ./Drivers/STM32F4xx_HAL_Driver/Src/stm32f4xx_ll_usb.o
                0x00000000080077dc                USB_EPClearStall
 .text.USB_SetDevAddress
                0x0000000008007834       0x20 ./Drivers/STM32F4xx_HAL_Driver/Src/stm32f4xx_ll_usb.o
                0x0000000008007834                USB_SetDevAddress
 .text.USB_DevConnect
                0x0000000008007854       0x1c ./Drivers/STM32F4xx_HAL_Driver/Src/stm32f4xx_ll_usb.o
                0x0000000008007854                USB_DevConnect
 .text.USB_DevDisconnect
                0x0000000008007870       0x1c ./Drivers/STM32F4xx_HAL_Driver/Src/stm32f4xx_ll_usb.o
                0x0000000008007870                USB_DevDisconnect
 .text.USB_ReadInterrupts
                0x000000000800788c        0x8 ./Drivers/STM32F4xx_HAL_Driver/Src/stm32f4xx_ll_usb.o
                0x000000000800788c                USB_ReadInterrupts
 .text.USB_ReadDevAllOutEpInterrupt
                0x0000000008007894       0x10 ./Drivers/STM32F4xx_HAL_Driver/Src/stm32f4xx_ll_usb.o
                0x0000000008007894                USB_ReadDevAllOutEpInterrupt
 .text.USB_ReadDevAllInEpInterrupt
                0x00000000080078a4       0x10 ./Drivers/STM32F4xx_HAL_Driver/Src/stm32f4xx_ll_usb.o
                0x00000000080078a4                USB_ReadDevAllInEpInterrupt
 .text.USB_ReadDevOutEPInterrupt
                0x00000000080078b4       0x14 ./Drivers/STM32F4xx_HAL_Driver/Src/stm32f4xx_ll_usb.o
                0x00000000080078b4                USB_ReadDevOutEPInterrupt
 .text.USB_ReadDevInEPInterrupt
                0x00000000080078c8       0x28 ./Drivers/STM32F4xx_HAL_Driver/Src/stm32f4xx_ll_usb.o
                0x00000000080078c8                USB_ReadDevInEPInterrupt
 .text.USB_GetMode
                0x00000000080078f0        0x8 ./Drivers/STM32F4xx_HAL_Driver/Src/stm32f4xx_ll_usb.o
                0x00000000080078f0                USB_GetMode
 .text.USB_ActivateSetup
                0x00000000080078f8       0x20 ./Drivers/STM32F4xx_HAL_Driver/Src/stm32f4xx_ll_usb.o
                0x00000000080078f8                USB_ActivateSetup
 .text.USB_EP0_OutStart
                0x0000000008007918       0x58 ./Drivers/STM32F4xx_HAL_Driver/Src/stm32f4xx_ll_usb.o
                0x0000000008007918                USB_EP0_OutStart
 .text.USBD_AUDIO_GetCfgDesc
                0x0000000008007970        0xc ./Middlewares/ST/STM32_USB_Device_Library/Class/AUDIO/Src/usbd_audio.o
 .text.USBD_AUDIO_DataIn
                0x000000000800797c        0x4 ./Middlewares/ST/STM32_USB_Device_Library/Class/AUDIO/Src/usbd_audio.o
 .text.USBD_AUDIO_EP0_RxReady
                0x0000000008007980       0x40 ./Middlewares/ST/STM32_USB_Device_Library/Class/AUDIO/Src/usbd_audio.o
 .text.USBD_AUDIO_EP0_TxReady
                0x00000000080079c0        0x4 ./Middlewares/ST/STM32_USB_Device_Library/Class/AUDIO/Src/usbd_audio.o
 .text.USBD_AUDIO_GetDeviceQualifierDesc
                0x00000000080079c4        0xc ./Middlewares/ST/STM32_USB_Device_Library/Class/AUDIO/Src/usbd_audio.o
 .text.USBD_AUDIO_DataOut
                0x00000000080079d0       0xac ./Middlewares/ST/STM32_USB_Device_Library/Class/AUDIO/Src/usbd_audio.o
 .text.USBD_AUDIO_DeInit
                0x0000000008007a7c       0x30 ./Middlewares/ST/STM32_USB_Device_Library/Class/AUDIO/Src/usbd_audio.o
 .text.USBD_AUDIO_Init
                0x0000000008007aac       0x74 ./Middlewares/ST/STM32_USB_Device_Library/Class/AUDIO/Src/usbd_audio.o
 .text.USBD_AUDIO_Setup
                0x0000000008007b20      0x138 ./Middlewares/ST/STM32_USB_Device_Library/Class/AUDIO/Src/usbd_audio.o
 .text.USBD_AUDIO_SOF
                0x0000000008007c58        0x4 ./Middlewares/ST/STM32_USB_Device_Library/Class/AUDIO/Src/usbd_audio.o
 .text.USBD_AUDIO_IsoINIncomplete
                0x0000000008007c5c        0x4 ./Middlewares/ST/STM32_USB_Device_Library/Class/AUDIO/Src/usbd_audio.o
 .text.USBD_AUDIO_IsoOutIncomplete
                0x0000000008007c60        0x4 ./Middlewares/ST/STM32_USB_Device_Library/Class/AUDIO/Src/usbd_audio.o
 .text.USBD_AUDIO_RegisterInterface
                0x0000000008007c64       0x10 ./Middlewares/ST/STM32_USB_Device_Library/Class/AUDIO/Src/usbd_audio.o
                0x0000000008007c64                USBD_AUDIO_RegisterInterface
 .text.USBD_Init
                0x0000000008007c74       0x28 ./Middlewares/ST/STM32_USB_Device_Library/Core/Src/usbd_core.o
                0x0000000008007c74                USBD_Init
 .text.USBD_RegisterClass
                0x0000000008007c9c       0x34 ./Middlewares/ST/STM32_USB_Device_Library/Core/Src/usbd_core.o
                0x0000000008007c9c                USBD_RegisterClass
 .text.USBD_Start
                0x0000000008007cd0        0x4 ./Middlewares/ST/STM32_USB_Device_Library/Core/Src/usbd_core.o
                0x0000000008007cd0                USBD_Start
 .text.USBD_SetClassConfig
                0x0000000008007cd4       0x10 ./Middlewares/ST/STM32_USB_Device_Library/Core/Src/usbd_core.o
                0x0000000008007cd4                USBD_SetClassConfig
 .text.USBD_ClrClassConfig
                0x0000000008007ce4       0x10 ./Middlewares/ST/STM32_USB_Device_Library/Core/Src/usbd_core.o
                0x0000000008007ce4                USBD_ClrClassConfig
 .text.USBD_LL_SetupStage
                0x0000000008007cf4       0x60 ./Middlewares/ST/STM32_USB_Device_Library/Core/Src/usbd_core.o
                0x0000000008007cf4                USBD_LL_SetupStage
 .text.USBD_LL_DataOutStage
                0x0000000008007d54       0x68 ./Middlewares/ST/STM32_USB_Device_Library/Core/Src/usbd_core.o
                0x0000000008007d54                USBD_LL_DataOutStage
 .text.USBD_LL_DataInStage
                0x0000000008007dbc       0xac ./Middlewares/ST/STM32_USB_Device_Library/Core/Src/usbd_core.o
                0x0000000008007dbc                USBD_LL_DataInStage
 .text.USBD_LL_Reset
                0x0000000008007e68       0x58 ./Middlewares/ST/STM32_USB_Device_Library/Core/Src/usbd_core.o
                0x0000000008007e68                USBD_LL_Reset
 .text.USBD_LL_SetSpeed
                0x0000000008007ec0        0x8 ./Middlewares/ST/STM32_USB_Device_Library/Core/Src/usbd_core.o
                0x0000000008007ec0                USBD_LL_SetSpeed
 .text.USBD_LL_Suspend
                0x0000000008007ec8       0x18 ./Middlewares/ST/STM32_USB_Device_Library/Core/Src/usbd_core.o
                0x0000000008007ec8                USBD_LL_Suspend
 .text.USBD_LL_Resume
                0x0000000008007ee0       0x18 ./Middlewares/ST/STM32_USB_Device_Library/Core/Src/usbd_core.o
                0x0000000008007ee0                USBD_LL_Resume
 .text.USBD_LL_SOF
                0x0000000008007ef8       0x28 ./Middlewares/ST/STM32_USB_Device_Library/Core/Src/usbd_core.o
                0x0000000008007ef8                USBD_LL_SOF
 .text.USBD_LL_IsoINIncomplete
                0x0000000008007f20       0x28 ./Middlewares/ST/STM32_USB_Device_Library/Core/Src/usbd_core.o
                0x0000000008007f20                USBD_LL_IsoINIncomplete
 .text.USBD_LL_IsoOUTIncomplete
                0x0000000008007f48       0x28 ./Middlewares/ST/STM32_USB_Device_Library/Core/Src/usbd_core.o
                0x0000000008007f48                USBD_LL_IsoOUTIncomplete
 .text.USBD_LL_DevConnected
                0x0000000008007f70        0x4 ./Middlewares/ST/STM32_USB_Device_Library/Core/Src/usbd_core.o
                0x0000000008007f70                USBD_LL_DevConnected
 .text.USBD_LL_DevDisconnected
                0x0000000008007f74       0x1c ./Middlewares/ST/STM32_USB_Device_Library/Core/Src/usbd_core.o
                0x0000000008007f74                USBD_LL_DevDisconnected
 .text.USBD_StdDevReq
                0x0000000008007f90      0x33c ./Middlewares/ST/STM32_USB_Device_Library/Core/Src/usbd_ctlreq.o
                0x0000000008007f90                USBD_StdDevReq
 .text.USBD_StdItfReq
                0x00000000080082cc       0x60 ./Middlewares/ST/STM32_USB_Device_Library/Core/Src/usbd_ctlreq.o
                0x00000000080082cc                USBD_StdItfReq
 .text.USBD_StdEPReq
                0x000000000800832c      0x134 ./Middlewares/ST/STM32_USB_Device_Library/Core/Src/usbd_ctlreq.o
                0x000000000800832c                USBD_StdEPReq
 .text.USBD_ParseSetupRequest
                0x0000000008008460       0x28 ./Middlewares/ST/STM32_USB_Device_Library/Core/Src/usbd_ctlreq.o
                0x0000000008008460                USBD_ParseSetupRequest
 .text.USBD_CtlError
                0x0000000008008488       0x18 ./Middlewares/ST/STM32_USB_Device_Library/Core/Src/usbd_ctlreq.o
                0x0000000008008488                USBD_CtlError
 .text.USBD_GetString
                0x00000000080084a0       0x4c ./Middlewares/ST/STM32_USB_Device_Library/Core/Src/usbd_ctlreq.o
                0x00000000080084a0                USBD_GetString
 .text.USBD_CtlSendData
                0x00000000080084ec       0x1c ./Middlewares/ST/STM32_USB_Device_Library/Core/Src/usbd_ioreq.o
                0x00000000080084ec                USBD_CtlSendData
 .text.USBD_CtlContinueSendData
                0x0000000008008508       0x10 ./Middlewares/ST/STM32_USB_Device_Library/Core/Src/usbd_ioreq.o
                0x0000000008008508                USBD_CtlContinueSendData
 .text.USBD_CtlPrepareRx
                0x0000000008008518       0x1c ./Middlewares/ST/STM32_USB_Device_Library/Core/Src/usbd_ioreq.o
                0x0000000008008518                USBD_CtlPrepareRx
 .text.USBD_CtlContinueRx
                0x0000000008008534       0x10 ./Middlewares/ST/STM32_USB_Device_Library/Core/Src/usbd_ioreq.o
                0x0000000008008534                USBD_CtlContinueRx
 .text.USBD_CtlSendStatus
                0x0000000008008544       0x18 ./Middlewares/ST/STM32_USB_Device_Library/Core/Src/usbd_ioreq.o
                0x0000000008008544                USBD_CtlSendStatus
 .text.USBD_CtlReceiveStatus
                0x000000000800855c       0x18 ./Middlewares/ST/STM32_USB_Device_Library/Core/Src/usbd_ioreq.o
                0x000000000800855c                USBD_CtlReceiveStatus
 .text.MX_USB_DEVICE_Init
                0x0000000008008574       0x74 ./USB_DEVICE/App/usb_device.o
                0x0000000008008574                MX_USB_DEVICE_Init
 .text.AUDIO_DeInit_FS
                0x00000000080085e8        0x4 ./USB_DEVICE/App/usbd_audio_if.o
 .text.AUDIO_VolumeCtl_FS
                0x00000000080085ec        0x4 ./USB_DEVICE/App/usbd_audio_if.o
 .text.AUDIO_GetState_FS
                0x00000000080085f0        0x4 ./USB_DEVICE/App/usbd_audio_if.o
 .text.AUDIO_PeriodicTC_FS
                0x00000000080085f4        0xc ./USB_DEVICE/App/usbd_audio_if.o
 .text.AUDIO_AudioCmd_FS
                0x0000000008008600       0x14 ./USB_DEVICE/App/usbd_audio_if.o
 .text.AUDIO_Init_FS
                0x0000000008008614        0xc ./USB_DEVICE/App/usbd_audio_if.o
 .text.AUDIO_MuteCtl_FS
                0x0000000008008620        0x4 ./USB_DEVICE/App/usbd_audio_if.o
 .text.USBD_FS_DeviceDescriptor
                0x0000000008008624        0xc ./USB_DEVICE/App/usbd_desc.o
                0x0000000008008624                USBD_FS_DeviceDescriptor
 .text.USBD_FS_LangIDStrDescriptor
                0x0000000008008630        0xc ./USB_DEVICE/App/usbd_desc.o
                0x0000000008008630                USBD_FS_LangIDStrDescriptor
 .text.USBD_FS_ManufacturerStrDescriptor
                0x000000000800863c       0x1c ./USB_DEVICE/App/usbd_desc.o
                0x000000000800863c                USBD_FS_ManufacturerStrDescriptor
 .text.USBD_FS_ProductStrDescriptor
                0x0000000008008658       0x1c ./USB_DEVICE/App/usbd_desc.o
                0x0000000008008658                USBD_FS_ProductStrDescriptor
 .text.USBD_FS_ConfigStrDescriptor
                0x0000000008008674       0x1c ./USB_DEVICE/App/usbd_desc.o
                0x0000000008008674                USBD_FS_ConfigStrDescriptor
 .text.USBD_FS_InterfaceStrDescriptor
                0x0000000008008690       0x1c ./USB_DEVICE/App/usbd_desc.o
                0x0000000008008690                USBD_FS_InterfaceStrDescriptor
 .text.USBD_FS_SerialStrDescriptor
                0x00000000080086ac      0x118 ./USB_DEVICE/App/usbd_desc.o
                0x00000000080086ac                USBD_FS_SerialStrDescriptor
 .text.HAL_PCD_MspInit
                0x00000000080087c4       0x88 ./USB_DEVICE/Target/usbd_conf.o
                0x00000000080087c4                HAL_PCD_MspInit
 .text.HAL_PCD_SetupStageCallback
                0x000000000800884c        0xc ./USB_DEVICE/Target/usbd_conf.o
                0x000000000800884c                HAL_PCD_SetupStageCallback
 .text.HAL_PCD_DataOutStageCallback
                0x0000000008008858       0x14 ./USB_DEVICE/Target/usbd_conf.o
                0x0000000008008858                HAL_PCD_DataOutStageCallback
 .text.HAL_PCD_DataInStageCallback
                0x000000000800886c       0x14 ./USB_DEVICE/Target/usbd_conf.o
                0x000000000800886c                HAL_PCD_DataInStageCallback
 .text.HAL_PCD_SOFCallback
                0x0000000008008880        0x8 ./USB_DEVICE/Target/usbd_conf.o
                0x0000000008008880                HAL_PCD_SOFCallback
 .text.HAL_PCD_ResetCallback
                0x0000000008008888       0x2c ./USB_DEVICE/Target/usbd_conf.o
                0x0000000008008888                HAL_PCD_ResetCallback
 .text.HAL_PCD_SuspendCallback
                0x00000000080088b4       0x30 ./USB_DEVICE/Target/usbd_conf.o
                0x00000000080088b4                HAL_PCD_SuspendCallback
 .text.HAL_PCD_ResumeCallback
                0x00000000080088e4        0x8 ./USB_DEVICE/Target/usbd_conf.o
                0x00000000080088e4                HAL_PCD_ResumeCallback
 .text.HAL_PCD_ISOOUTIncompleteCallback
                0x00000000080088ec        0x8 ./USB_DEVICE/Target/usbd_conf.o
                0x00000000080088ec                HAL_PCD_ISOOUTIncompleteCallback
 .text.HAL_PCD_ISOINIncompleteCallback
                0x00000000080088f4        0x8 ./USB_DEVICE/Target/usbd_conf.o
                0x00000000080088f4                HAL_PCD_ISOINIncompleteCallback
 .text.HAL_PCD_ConnectCallback
                0x00000000080088fc        0x8 ./USB_DEVICE/Target/usbd_conf.o
                0x00000000080088fc                HAL_PCD_ConnectCallback
 .text.HAL_PCD_DisconnectCallback
                0x0000000008008904        0x8 ./USB_DEVICE/Target/usbd_conf.o
                0x0000000008008904                HAL_PCD_DisconnectCallback
 .text.USBD_LL_Init
                0x000000000800890c       0x64 ./USB_DEVICE/Target/usbd_conf.o
                0x000000000800890c                USBD_LL_Init
 .text.USBD_LL_Start
                0x0000000008008970       0x1c ./USB_DEVICE/Target/usbd_conf.o
                0x0000000008008970                USBD_LL_Start
 .text.USBD_LL_OpenEP
                0x000000000800898c       0x20 ./USB_DEVICE/Target/usbd_conf.o
                0x000000000800898c                USBD_LL_OpenEP
 .text.USBD_LL_CloseEP
                0x00000000080089ac       0x1c ./USB_DEVICE/Target/usbd_conf.o
                0x00000000080089ac                USBD_LL_CloseEP
 .text.USBD_LL_StallEP
                0x00000000080089c8       0x1c ./USB_DEVICE/Target/usbd_conf.o
                0x00000000080089c8                USBD_LL_StallEP
 .text.USBD_LL_ClearStallEP
                0x00000000080089e4       0x1c ./USB_DEVICE/Target/usbd_conf.o
                0x00000000080089e4                USBD_LL_ClearStallEP
 .text.USBD_LL_IsStallEP
                0x0000000008008a00       0x28 ./USB_DEVICE/Target/usbd_conf.o
                0x0000000008008a00                USBD_LL_IsStallEP
 .text.USBD_LL_SetUSBAddress
                0x0000000008008a28       0x1c ./USB_DEVICE/Target/usbd_conf.o
                0x0000000008008a28                USBD_LL_SetUSBAddress
 .text.USBD_LL_Transmit
                0x0000000008008a44       0x1c ./USB_DEVICE/Target/usbd_conf.o
                0x0000000008008a44                USBD_LL_Transmit
 .text.USBD_LL_PrepareReceive
                0x0000000008008a60       0x1c ./USB_DEVICE/Target/usbd_conf.o
                0x0000000008008a60                USBD_LL_PrepareReceive
 .text.USBD_LL_GetRxDataSize
                0x0000000008008a7c        0x8 ./USB_DEVICE/Target/usbd_conf.o
                0x0000000008008a7c                USBD_LL_GetRxDataSize
 .text.USBD_static_malloc
                0x0000000008008a84        0x8 ./USB_DEVICE/Target/usbd_conf.o
                0x0000000008008a84                USBD_static_malloc
 .text.USBD_static_free
                0x0000000008008a8c        0x4 ./USB_DEVICE/Target/usbd_conf.o
                0x0000000008008a8c                USBD_static_free
 .text.__errno  0x0000000008008a90        0xc /opt/st/stm32cubeide_1.5.0/plugins/com.st.stm32cube.ide.mcu.externaltools.gnu-tools-for-stm32.9-2020-q2-update.linux64_2.0.0.202105311346/tools/bin/../lib/gcc/arm-none-eabi/9.3.1/../../../../arm-none-eabi/lib/thumb/v7e-m+fp/hard/libc_nano.a(lib_a-errno.o)
                0x0000000008008a90                __errno
 .text.__libc_init_array
                0x0000000008008a9c       0x48 /opt/st/stm32cubeide_1.5.0/plugins/com.st.stm32cube.ide.mcu.externaltools.gnu-tools-for-stm32.9-2020-q2-update.linux64_2.0.0.202105311346/tools/bin/../lib/gcc/arm-none-eabi/9.3.1/../../../../arm-none-eabi/lib/thumb/v7e-m+fp/hard/libc_nano.a(lib_a-init.o)
                0x0000000008008a9c                __libc_init_array
 .text.memcpy   0x0000000008008ae4       0x1c /opt/st/stm32cubeide_1.5.0/plugins/com.st.stm32cube.ide.mcu.externaltools.gnu-tools-for-stm32.9-2020-q2-update.linux64_2.0.0.202105311346/tools/bin/../lib/gcc/arm-none-eabi/9.3.1/../../../../arm-none-eabi/lib/thumb/v7e-m+fp/hard/libc_nano.a(lib_a-memcpy-stub.o)
                0x0000000008008ae4                memcpy
 .text.memset   0x0000000008008b00       0x10 /opt/st/stm32cubeide_1.5.0/plugins/com.st.stm32cube.ide.mcu.externaltools.gnu-tools-for-stm32.9-2020-q2-update.linux64_2.0.0.202105311346/tools/bin/../lib/gcc/arm-none-eabi/9.3.1/../../../../arm-none-eabi/lib/thumb/v7e-m+fp/hard/libc_nano.a(lib_a-memset.o)
                0x0000000008008b00                memset
 .text.__cvt    0x0000000008008b10       0xc4 /opt/st/stm32cubeide_1.5.0/plugins/com.st.stm32cube.ide.mcu.externaltools.gnu-tools-for-stm32.9-2020-q2-update.linux64_2.0.0.202105311346/tools/bin/../lib/gcc/arm-none-eabi/9.3.1/../../../../arm-none-eabi/lib/thumb/v7e-m+fp/hard/libc_nano.a(lib_a-nano-vfprintf_float.o)
                0x0000000008008b10                __cvt
 .text.__exponent
                0x0000000008008bd4       0x7c /opt/st/stm32cubeide_1.5.0/plugins/com.st.stm32cube.ide.mcu.externaltools.gnu-tools-for-stm32.9-2020-q2-update.linux64_2.0.0.202105311346/tools/bin/../lib/gcc/arm-none-eabi/9.3.1/../../../../arm-none-eabi/lib/thumb/v7e-m+fp/hard/libc_nano.a(lib_a-nano-vfprintf_float.o)
                0x0000000008008bd4                __exponent
 .text._printf_float
                0x0000000008008c50      0x46c /opt/st/stm32cubeide_1.5.0/plugins/com.st.stm32cube.ide.mcu.externaltools.gnu-tools-for-stm32.9-2020-q2-update.linux64_2.0.0.202105311346/tools/bin/../lib/gcc/arm-none-eabi/9.3.1/../../../../arm-none-eabi/lib/thumb/v7e-m+fp/hard/libc_nano.a(lib_a-nano-vfprintf_float.o)
                0x0000000008008c50                _printf_float
 .text._printf_common
                0x00000000080090bc       0xda /opt/st/stm32cubeide_1.5.0/plugins/com.st.stm32cube.ide.mcu.externaltools.gnu-tools-for-stm32.9-2020-q2-update.linux64_2.0.0.202105311346/tools/bin/../lib/gcc/arm-none-eabi/9.3.1/../../../../arm-none-eabi/lib/thumb/v7e-m+fp/hard/libc_nano.a(lib_a-nano-vfprintf_i.o)
                0x00000000080090bc                _printf_common
 *fill*         0x0000000008009196        0x2 
 .text._printf_i
                0x0000000008009198      0x24c /opt/st/stm32cubeide_1.5.0/plugins/com.st.stm32cube.ide.mcu.externaltools.gnu-tools-for-stm32.9-2020-q2-update.linux64_2.0.0.202105311346/tools/bin/../lib/gcc/arm-none-eabi/9.3.1/../../../../arm-none-eabi/lib/thumb/v7e-m+fp/hard/libc_nano.a(lib_a-nano-vfprintf_i.o)
                0x0000000008009198                _printf_i
 .text.printf   0x00000000080093e4       0x30 /opt/st/stm32cubeide_1.5.0/plugins/com.st.stm32cube.ide.mcu.externaltools.gnu-tools-for-stm32.9-2020-q2-update.linux64_2.0.0.202105311346/tools/bin/../lib/gcc/arm-none-eabi/9.3.1/../../../../arm-none-eabi/lib/thumb/v7e-m+fp/hard/libc_nano.a(lib_a-printf.o)
                0x00000000080093e4                printf
                0x00000000080093e4                iprintf
 .text._puts_r  0x0000000008009414       0xdc /opt/st/stm32cubeide_1.5.0/plugins/com.st.stm32cube.ide.mcu.externaltools.gnu-tools-for-stm32.9-2020-q2-update.linux64_2.0.0.202105311346/tools/bin/../lib/gcc/arm-none-eabi/9.3.1/../../../../arm-none-eabi/lib/thumb/v7e-m+fp/hard/libc_nano.a(lib_a-puts.o)
                0x0000000008009414                _puts_r
 .text.puts     0x00000000080094f0       0x10 /opt/st/stm32cubeide_1.5.0/plugins/com.st.stm32cube.ide.mcu.externaltools.gnu-tools-for-stm32.9-2020-q2-update.linux64_2.0.0.202105311346/tools/bin/../lib/gcc/arm-none-eabi/9.3.1/../../../../arm-none-eabi/lib/thumb/v7e-m+fp/hard/libc_nano.a(lib_a-puts.o)
                0x00000000080094f0                puts
 .text.__swbuf_r
                0x0000000008009500       0xa4 /opt/st/stm32cubeide_1.5.0/plugins/com.st.stm32cube.ide.mcu.externaltools.gnu-tools-for-stm32.9-2020-q2-update.linux64_2.0.0.202105311346/tools/bin/../lib/gcc/arm-none-eabi/9.3.1/../../../../arm-none-eabi/lib/thumb/v7e-m+fp/hard/libc_nano.a(lib_a-wbuf.o)
                0x0000000008009500                __swbuf_r
 .text.__swsetup_r
                0x00000000080095a4       0xdc /opt/st/stm32cubeide_1.5.0/plugins/com.st.stm32cube.ide.mcu.externaltools.gnu-tools-for-stm32.9-2020-q2-update.linux64_2.0.0.202105311346/tools/bin/../lib/gcc/arm-none-eabi/9.3.1/../../../../arm-none-eabi/lib/thumb/v7e-m+fp/hard/libc_nano.a(lib_a-wsetup.o)
                0x00000000080095a4                __swsetup_r
 .text.quorem   0x0000000008009680      0x116 /opt/st/stm32cubeide_1.5.0/plugins/com.st.stm32cube.ide.mcu.externaltools.gnu-tools-for-stm32.9-2020-q2-update.linux64_2.0.0.202105311346/tools/bin/../lib/gcc/arm-none-eabi/9.3.1/../../../../arm-none-eabi/lib/thumb/v7e-m+fp/hard/libc_nano.a(lib_a-dtoa.o)
 *fill*         0x0000000008009796        0x2 
 .text._dtoa_r  0x0000000008009798      0xbd8 /opt/st/stm32cubeide_1.5.0/plugins/com.st.stm32cube.ide.mcu.externaltools.gnu-tools-for-stm32.9-2020-q2-update.linux64_2.0.0.202105311346/tools/bin/../lib/gcc/arm-none-eabi/9.3.1/../../../../arm-none-eabi/lib/thumb/v7e-m+fp/hard/libc_nano.a(lib_a-dtoa.o)
                0x0000000008009798                _dtoa_r
 .text.__sflush_r
                0x000000000800a370      0x10c /opt/st/stm32cubeide_1.5.0/plugins/com.st.stm32cube.ide.mcu.externaltools.gnu-tools-for-stm32.9-2020-q2-update.linux64_2.0.0.202105311346/tools/bin/../lib/gcc/arm-none-eabi/9.3.1/../../../../arm-none-eabi/lib/thumb/v7e-m+fp/hard/libc_nano.a(lib_a-fflush.o)
                0x000000000800a370                __sflush_r
 .text._fflush_r
                0x000000000800a47c       0x78 /opt/st/stm32cubeide_1.5.0/plugins/com.st.stm32cube.ide.mcu.externaltools.gnu-tools-for-stm32.9-2020-q2-update.linux64_2.0.0.202105311346/tools/bin/../lib/gcc/arm-none-eabi/9.3.1/../../../../arm-none-eabi/lib/thumb/v7e-m+fp/hard/libc_nano.a(lib_a-fflush.o)
                0x000000000800a47c                _fflush_r
 .text.std      0x000000000800a4f4       0x48 /opt/st/stm32cubeide_1.5.0/plugins/com.st.stm32cube.ide.mcu.externaltools.gnu-tools-for-stm32.9-2020-q2-update.linux64_2.0.0.202105311346/tools/bin/../lib/gcc/arm-none-eabi/9.3.1/../../../../arm-none-eabi/lib/thumb/v7e-m+fp/hard/libc_nano.a(lib_a-findfp.o)
 .text._cleanup_r
                0x000000000800a53c        0xc /opt/st/stm32cubeide_1.5.0/plugins/com.st.stm32cube.ide.mcu.externaltools.gnu-tools-for-stm32.9-2020-q2-update.linux64_2.0.0.202105311346/tools/bin/../lib/gcc/arm-none-eabi/9.3.1/../../../../arm-none-eabi/lib/thumb/v7e-m+fp/hard/libc_nano.a(lib_a-findfp.o)
                0x000000000800a53c                _cleanup_r
 .text.__sfmoreglue
                0x000000000800a548       0x2c /opt/st/stm32cubeide_1.5.0/plugins/com.st.stm32cube.ide.mcu.externaltools.gnu-tools-for-stm32.9-2020-q2-update.linux64_2.0.0.202105311346/tools/bin/../lib/gcc/arm-none-eabi/9.3.1/../../../../arm-none-eabi/lib/thumb/v7e-m+fp/hard/libc_nano.a(lib_a-findfp.o)
                0x000000000800a548                __sfmoreglue
 .text.__sfp_lock_acquire
                0x000000000800a574        0xc /opt/st/stm32cubeide_1.5.0/plugins/com.st.stm32cube.ide.mcu.externaltools.gnu-tools-for-stm32.9-2020-q2-update.linux64_2.0.0.202105311346/tools/bin/../lib/gcc/arm-none-eabi/9.3.1/../../../../arm-none-eabi/lib/thumb/v7e-m+fp/hard/libc_nano.a(lib_a-findfp.o)
                0x000000000800a574                __sfp_lock_acquire
 .text.__sfp_lock_release
                0x000000000800a580        0xc /opt/st/stm32cubeide_1.5.0/plugins/com.st.stm32cube.ide.mcu.externaltools.gnu-tools-for-stm32.9-2020-q2-update.linux64_2.0.0.202105311346/tools/bin/../lib/gcc/arm-none-eabi/9.3.1/../../../../arm-none-eabi/lib/thumb/v7e-m+fp/hard/libc_nano.a(lib_a-findfp.o)
                0x000000000800a580                __sfp_lock_release
 .text.__sinit_lock_acquire
                0x000000000800a58c        0xc /opt/st/stm32cubeide_1.5.0/plugins/com.st.stm32cube.ide.mcu.externaltools.gnu-tools-for-stm32.9-2020-q2-update.linux64_2.0.0.202105311346/tools/bin/../lib/gcc/arm-none-eabi/9.3.1/../../../../arm-none-eabi/lib/thumb/v7e-m+fp/hard/libc_nano.a(lib_a-findfp.o)
                0x000000000800a58c                __sinit_lock_acquire
 .text.__sinit_lock_release
                0x000000000800a598        0xc /opt/st/stm32cubeide_1.5.0/plugins/com.st.stm32cube.ide.mcu.externaltools.gnu-tools-for-stm32.9-2020-q2-update.linux64_2.0.0.202105311346/tools/bin/../lib/gcc/arm-none-eabi/9.3.1/../../../../arm-none-eabi/lib/thumb/v7e-m+fp/hard/libc_nano.a(lib_a-findfp.o)
                0x000000000800a598                __sinit_lock_release
 .text.__sinit  0x000000000800a5a4       0x70 /opt/st/stm32cubeide_1.5.0/plugins/com.st.stm32cube.ide.mcu.externaltools.gnu-tools-for-stm32.9-2020-q2-update.linux64_2.0.0.202105311346/tools/bin/../lib/gcc/arm-none-eabi/9.3.1/../../../../arm-none-eabi/lib/thumb/v7e-m+fp/hard/libc_nano.a(lib_a-findfp.o)
                0x000000000800a5a4                __sinit
 .text.__sfp    0x000000000800a614       0x8c /opt/st/stm32cubeide_1.5.0/plugins/com.st.stm32cube.ide.mcu.externaltools.gnu-tools-for-stm32.9-2020-q2-update.linux64_2.0.0.202105311346/tools/bin/../lib/gcc/arm-none-eabi/9.3.1/../../../../arm-none-eabi/lib/thumb/v7e-m+fp/hard/libc_nano.a(lib_a-findfp.o)
                0x000000000800a614                __sfp
 .text._fwalk_reent
                0x000000000800a6a0       0x3e /opt/st/stm32cubeide_1.5.0/plugins/com.st.stm32cube.ide.mcu.externaltools.gnu-tools-for-stm32.9-2020-q2-update.linux64_2.0.0.202105311346/tools/bin/../lib/gcc/arm-none-eabi/9.3.1/../../../../arm-none-eabi/lib/thumb/v7e-m+fp/hard/libc_nano.a(lib_a-fwalk.o)
                0x000000000800a6a0                _fwalk_reent
 *fill*         0x000000000800a6de        0x2 
 .text._localeconv_r
                0x000000000800a6e0        0x8 /opt/st/stm32cubeide_1.5.0/plugins/com.st.stm32cube.ide.mcu.externaltools.gnu-tools-for-stm32.9-2020-q2-update.linux64_2.0.0.202105311346/tools/bin/../lib/gcc/arm-none-eabi/9.3.1/../../../../arm-none-eabi/lib/thumb/v7e-m+fp/hard/libc_nano.a(lib_a-localeconv.o)
                0x000000000800a6e0                _localeconv_r
 .text.__retarget_lock_init_recursive
                0x000000000800a6e8        0x2 /opt/st/stm32cubeide_1.5.0/plugins/com.st.stm32cube.ide.mcu.externaltools.gnu-tools-for-stm32.9-2020-q2-update.linux64_2.0.0.202105311346/tools/bin/../lib/gcc/arm-none-eabi/9.3.1/../../../../arm-none-eabi/lib/thumb/v7e-m+fp/hard/libc_nano.a(lib_a-lock.o)
                0x000000000800a6e8                __retarget_lock_init_recursive
 .text.__retarget_lock_acquire_recursive
                0x000000000800a6ea        0x2 /opt/st/stm32cubeide_1.5.0/plugins/com.st.stm32cube.ide.mcu.externaltools.gnu-tools-for-stm32.9-2020-q2-update.linux64_2.0.0.202105311346/tools/bin/../lib/gcc/arm-none-eabi/9.3.1/../../../../arm-none-eabi/lib/thumb/v7e-m+fp/hard/libc_nano.a(lib_a-lock.o)
                0x000000000800a6ea                __retarget_lock_acquire_recursive
 .text.__retarget_lock_release_recursive
                0x000000000800a6ec        0x2 /opt/st/stm32cubeide_1.5.0/plugins/com.st.stm32cube.ide.mcu.externaltools.gnu-tools-for-stm32.9-2020-q2-update.linux64_2.0.0.202105311346/tools/bin/../lib/gcc/arm-none-eabi/9.3.1/../../../../arm-none-eabi/lib/thumb/v7e-m+fp/hard/libc_nano.a(lib_a-lock.o)
                0x000000000800a6ec                __retarget_lock_release_recursive
 .text.__swhatbuf_r
                0x000000000800a6ee       0x48 /opt/st/stm32cubeide_1.5.0/plugins/com.st.stm32cube.ide.mcu.externaltools.gnu-tools-for-stm32.9-2020-q2-update.linux64_2.0.0.202105311346/tools/bin/../lib/gcc/arm-none-eabi/9.3.1/../../../../arm-none-eabi/lib/thumb/v7e-m+fp/hard/libc_nano.a(lib_a-makebuf.o)
                0x000000000800a6ee                __swhatbuf_r
 *fill*         0x000000000800a736        0x2 
 .text.__smakebuf_r
                0x000000000800a738       0x80 /opt/st/stm32cubeide_1.5.0/plugins/com.st.stm32cube.ide.mcu.externaltools.gnu-tools-for-stm32.9-2020-q2-update.linux64_2.0.0.202105311346/tools/bin/../lib/gcc/arm-none-eabi/9.3.1/../../../../arm-none-eabi/lib/thumb/v7e-m+fp/hard/libc_nano.a(lib_a-makebuf.o)
                0x000000000800a738                __smakebuf_r
 .text.malloc   0x000000000800a7b8       0x10 /opt/st/stm32cubeide_1.5.0/plugins/com.st.stm32cube.ide.mcu.externaltools.gnu-tools-for-stm32.9-2020-q2-update.linux64_2.0.0.202105311346/tools/bin/../lib/gcc/arm-none-eabi/9.3.1/../../../../arm-none-eabi/lib/thumb/v7e-m+fp/hard/libc_nano.a(lib_a-malloc.o)
                0x000000000800a7b8                malloc
 .text._Balloc  0x000000000800a7c8       0x80 /opt/st/stm32cubeide_1.5.0/plugins/com.st.stm32cube.ide.mcu.externaltools.gnu-tools-for-stm32.9-2020-q2-update.linux64_2.0.0.202105311346/tools/bin/../lib/gcc/arm-none-eabi/9.3.1/../../../../arm-none-eabi/lib/thumb/v7e-m+fp/hard/libc_nano.a(lib_a-mprec.o)
                0x000000000800a7c8                _Balloc
 .text._Bfree   0x000000000800a848       0x44 /opt/st/stm32cubeide_1.5.0/plugins/com.st.stm32cube.ide.mcu.externaltools.gnu-tools-for-stm32.9-2020-q2-update.linux64_2.0.0.202105311346/tools/bin/../lib/gcc/arm-none-eabi/9.3.1/../../../../arm-none-eabi/lib/thumb/v7e-m+fp/hard/libc_nano.a(lib_a-mprec.o)
                0x000000000800a848                _Bfree
 .text.__multadd
                0x000000000800a88c       0x94 /opt/st/stm32cubeide_1.5.0/plugins/com.st.stm32cube.ide.mcu.externaltools.gnu-tools-for-stm32.9-2020-q2-update.linux64_2.0.0.202105311346/tools/bin/../lib/gcc/arm-none-eabi/9.3.1/../../../../arm-none-eabi/lib/thumb/v7e-m+fp/hard/libc_nano.a(lib_a-mprec.o)
                0x000000000800a88c                __multadd
 .text.__hi0bits
                0x000000000800a920       0x40 /opt/st/stm32cubeide_1.5.0/plugins/com.st.stm32cube.ide.mcu.externaltools.gnu-tools-for-stm32.9-2020-q2-update.linux64_2.0.0.202105311346/tools/bin/../lib/gcc/arm-none-eabi/9.3.1/../../../../arm-none-eabi/lib/thumb/v7e-m+fp/hard/libc_nano.a(lib_a-mprec.o)
                0x000000000800a920                __hi0bits
 .text.__lo0bits
                0x000000000800a960       0x60 /opt/st/stm32cubeide_1.5.0/plugins/com.st.stm32cube.ide.mcu.externaltools.gnu-tools-for-stm32.9-2020-q2-update.linux64_2.0.0.202105311346/tools/bin/../lib/gcc/arm-none-eabi/9.3.1/../../../../arm-none-eabi/lib/thumb/v7e-m+fp/hard/libc_nano.a(lib_a-mprec.o)
                0x000000000800a960                __lo0bits
 .text.__i2b    0x000000000800a9c0       0x2c /opt/st/stm32cubeide_1.5.0/plugins/com.st.stm32cube.ide.mcu.externaltools.gnu-tools-for-stm32.9-2020-q2-update.linux64_2.0.0.202105311346/tools/bin/../lib/gcc/arm-none-eabi/9.3.1/../../../../arm-none-eabi/lib/thumb/v7e-m+fp/hard/libc_nano.a(lib_a-mprec.o)
                0x000000000800a9c0                __i2b
 .text.__multiply
                0x000000000800a9ec      0x14c /opt/st/stm32cubeide_1.5.0/plugins/com.st.stm32cube.ide.mcu.externaltools.gnu-tools-for-stm32.9-2020-q2-update.linux64_2.0.0.202105311346/tools/bin/../lib/gcc/arm-none-eabi/9.3.1/../../../../arm-none-eabi/lib/thumb/v7e-m+fp/hard/libc_nano.a(lib_a-mprec.o)
                0x000000000800a9ec                __multiply
 .text.__pow5mult
                0x000000000800ab38       0xb4 /opt/st/stm32cubeide_1.5.0/plugins/com.st.stm32cube.ide.mcu.externaltools.gnu-tools-for-stm32.9-2020-q2-update.linux64_2.0.0.202105311346/tools/bin/../lib/gcc/arm-none-eabi/9.3.1/../../../../arm-none-eabi/lib/thumb/v7e-m+fp/hard/libc_nano.a(lib_a-mprec.o)
                0x000000000800ab38                __pow5mult
 .text.__lshift
                0x000000000800abec       0xd8 /opt/st/stm32cubeide_1.5.0/plugins/com.st.stm32cube.ide.mcu.externaltools.gnu-tools-for-stm32.9-2020-q2-update.linux64_2.0.0.202105311346/tools/bin/../lib/gcc/arm-none-eabi/9.3.1/../../../../arm-none-eabi/lib/thumb/v7e-m+fp/hard/libc_nano.a(lib_a-mprec.o)
                0x000000000800abec                __lshift
 .text.__mcmp   0x000000000800acc4       0x38 /opt/st/stm32cubeide_1.5.0/plugins/com.st.stm32cube.ide.mcu.externaltools.gnu-tools-for-stm32.9-2020-q2-update.linux64_2.0.0.202105311346/tools/bin/../lib/gcc/arm-none-eabi/9.3.1/../../../../arm-none-eabi/lib/thumb/v7e-m+fp/hard/libc_nano.a(lib_a-mprec.o)
                0x000000000800acc4                __mcmp
 .text.__mdiff  0x000000000800acfc      0x110 /opt/st/stm32cubeide_1.5.0/plugins/com.st.stm32cube.ide.mcu.externaltools.gnu-tools-for-stm32.9-2020-q2-update.linux64_2.0.0.202105311346/tools/bin/../lib/gcc/arm-none-eabi/9.3.1/../../../../arm-none-eabi/lib/thumb/v7e-m+fp/hard/libc_nano.a(lib_a-mprec.o)
                0x000000000800acfc                __mdiff
 .text.__d2b    0x000000000800ae0c       0xb8 /opt/st/stm32cubeide_1.5.0/plugins/com.st.stm32cube.ide.mcu.externaltools.gnu-tools-for-stm32.9-2020-q2-update.linux64_2.0.0.202105311346/tools/bin/../lib/gcc/arm-none-eabi/9.3.1/../../../../arm-none-eabi/lib/thumb/v7e-m+fp/hard/libc_nano.a(lib_a-mprec.o)
                0x000000000800ae0c                __d2b
 .text._calloc_r
                0x000000000800aec4       0x1e /opt/st/stm32cubeide_1.5.0/plugins/com.st.stm32cube.ide.mcu.externaltools.gnu-tools-for-stm32.9-2020-q2-update.linux64_2.0.0.202105311346/tools/bin/../lib/gcc/arm-none-eabi/9.3.1/../../../../arm-none-eabi/lib/thumb/v7e-m+fp/hard/libc_nano.a(lib_a-nano-callocr.o)
                0x000000000800aec4                _calloc_r
 *fill*         0x000000000800aee2        0x2 
 .text._free_r  0x000000000800aee4       0xa0 /opt/st/stm32cubeide_1.5.0/plugins/com.st.stm32cube.ide.mcu.externaltools.gnu-tools-for-stm32.9-2020-q2-update.linux64_2.0.0.202105311346/tools/bin/../lib/gcc/arm-none-eabi/9.3.1/../../../../arm-none-eabi/lib/thumb/v7e-m+fp/hard/libc_nano.a(lib_a-nano-freer.o)
                0x000000000800aee4                _free_r
 .text._malloc_r
                0x000000000800af84       0xb4 /opt/st/stm32cubeide_1.5.0/plugins/com.st.stm32cube.ide.mcu.externaltools.gnu-tools-for-stm32.9-2020-q2-update.linux64_2.0.0.202105311346/tools/bin/../lib/gcc/arm-none-eabi/9.3.1/../../../../arm-none-eabi/lib/thumb/v7e-m+fp/hard/libc_nano.a(lib_a-nano-mallocr.o)
                0x000000000800af84                _malloc_r
 .text.__sfputc_r
                0x000000000800b038       0x2e /opt/st/stm32cubeide_1.5.0/plugins/com.st.stm32cube.ide.mcu.externaltools.gnu-tools-for-stm32.9-2020-q2-update.linux64_2.0.0.202105311346/tools/bin/../lib/gcc/arm-none-eabi/9.3.1/../../../../arm-none-eabi/lib/thumb/v7e-m+fp/hard/libc_nano.a(lib_a-nano-vfprintf.o)
 .text.__sfputs_r
                0x000000000800b066       0x24 /opt/st/stm32cubeide_1.5.0/plugins/com.st.stm32cube.ide.mcu.externaltools.gnu-tools-for-stm32.9-2020-q2-update.linux64_2.0.0.202105311346/tools/bin/../lib/gcc/arm-none-eabi/9.3.1/../../../../arm-none-eabi/lib/thumb/v7e-m+fp/hard/libc_nano.a(lib_a-nano-vfprintf.o)
                0x000000000800b066                __sfputs_r
 *fill*         0x000000000800b08a        0x2 
 .text._vfprintf_r
                0x000000000800b08c      0x260 /opt/st/stm32cubeide_1.5.0/plugins/com.st.stm32cube.ide.mcu.externaltools.gnu-tools-for-stm32.9-2020-q2-update.linux64_2.0.0.202105311346/tools/bin/../lib/gcc/arm-none-eabi/9.3.1/../../../../arm-none-eabi/lib/thumb/v7e-m+fp/hard/libc_nano.a(lib_a-nano-vfprintf.o)
                0x000000000800b08c                _vfiprintf_r
                0x000000000800b08c                _vfprintf_r
 .text._sbrk_r  0x000000000800b2ec       0x20 /opt/st/stm32cubeide_1.5.0/plugins/com.st.stm32cube.ide.mcu.externaltools.gnu-tools-for-stm32.9-2020-q2-update.linux64_2.0.0.202105311346/tools/bin/../lib/gcc/arm-none-eabi/9.3.1/../../../../arm-none-eabi/lib/thumb/v7e-m+fp/hard/libc_nano.a(lib_a-sbrkr.o)
                0x000000000800b2ec                _sbrk_r
 .text.__sread  0x000000000800b30c       0x22 /opt/st/stm32cubeide_1.5.0/plugins/com.st.stm32cube.ide.mcu.externaltools.gnu-tools-for-stm32.9-2020-q2-update.linux64_2.0.0.202105311346/tools/bin/../lib/gcc/arm-none-eabi/9.3.1/../../../../arm-none-eabi/lib/thumb/v7e-m+fp/hard/libc_nano.a(lib_a-stdio.o)
                0x000000000800b30c                __sread
 .text.__swrite
                0x000000000800b32e       0x38 /opt/st/stm32cubeide_1.5.0/plugins/com.st.stm32cube.ide.mcu.externaltools.gnu-tools-for-stm32.9-2020-q2-update.linux64_2.0.0.202105311346/tools/bin/../lib/gcc/arm-none-eabi/9.3.1/../../../../arm-none-eabi/lib/thumb/v7e-m+fp/hard/libc_nano.a(lib_a-stdio.o)
                0x000000000800b32e                __swrite
 .text.__sseek  0x000000000800b366       0x24 /opt/st/stm32cubeide_1.5.0/plugins/com.st.stm32cube.ide.mcu.externaltools.gnu-tools-for-stm32.9-2020-q2-update.linux64_2.0.0.202105311346/tools/bin/../lib/gcc/arm-none-eabi/9.3.1/../../../../arm-none-eabi/lib/thumb/v7e-m+fp/hard/libc_nano.a(lib_a-stdio.o)
                0x000000000800b366                __sseek
 .text.__sclose
                0x000000000800b38a        0x8 /opt/st/stm32cubeide_1.5.0/plugins/com.st.stm32cube.ide.mcu.externaltools.gnu-tools-for-stm32.9-2020-q2-update.linux64_2.0.0.202105311346/tools/bin/../lib/gcc/arm-none-eabi/9.3.1/../../../../arm-none-eabi/lib/thumb/v7e-m+fp/hard/libc_nano.a(lib_a-stdio.o)
                0x000000000800b38a                __sclose
 *fill*         0x000000000800b392        0x2 
 .text._write_r
                0x000000000800b394       0x24 /opt/st/stm32cubeide_1.5.0/plugins/com.st.stm32cube.ide.mcu.externaltools.gnu-tools-for-stm32.9-2020-q2-update.linux64_2.0.0.202105311346/tools/bin/../lib/gcc/arm-none-eabi/9.3.1/../../../../arm-none-eabi/lib/thumb/v7e-m+fp/hard/libc_nano.a(lib_a-writer.o)
                0x000000000800b394                _write_r
 .text.__assert_func
                0x000000000800b3b8       0x3c /opt/st/stm32cubeide_1.5.0/plugins/com.st.stm32cube.ide.mcu.externaltools.gnu-tools-for-stm32.9-2020-q2-update.linux64_2.0.0.202105311346/tools/bin/../lib/gcc/arm-none-eabi/9.3.1/../../../../arm-none-eabi/lib/thumb/v7e-m+fp/hard/libc_nano.a(lib_a-assert.o)
                0x000000000800b3b8                __assert_func
 .text._close_r
                0x000000000800b3f4       0x20 /opt/st/stm32cubeide_1.5.0/plugins/com.st.stm32cube.ide.mcu.externaltools.gnu-tools-for-stm32.9-2020-q2-update.linux64_2.0.0.202105311346/tools/bin/../lib/gcc/arm-none-eabi/9.3.1/../../../../arm-none-eabi/lib/thumb/v7e-m+fp/hard/libc_nano.a(lib_a-closer.o)
                0x000000000800b3f4                _close_r
 .text.fprintf  0x000000000800b414       0x24 /opt/st/stm32cubeide_1.5.0/plugins/com.st.stm32cube.ide.mcu.externaltools.gnu-tools-for-stm32.9-2020-q2-update.linux64_2.0.0.202105311346/tools/bin/../lib/gcc/arm-none-eabi/9.3.1/../../../../arm-none-eabi/lib/thumb/v7e-m+fp/hard/libc_nano.a(lib_a-fprintf.o)
                0x000000000800b414                fprintf
                0x000000000800b414                fiprintf
 .text._fstat_r
                0x000000000800b438       0x24 /opt/st/stm32cubeide_1.5.0/plugins/com.st.stm32cube.ide.mcu.externaltools.gnu-tools-for-stm32.9-2020-q2-update.linux64_2.0.0.202105311346/tools/bin/../lib/gcc/arm-none-eabi/9.3.1/../../../../arm-none-eabi/lib/thumb/v7e-m+fp/hard/libc_nano.a(lib_a-fstatr.o)
                0x000000000800b438                _fstat_r
 .text._isatty_r
                0x000000000800b45c       0x20 /opt/st/stm32cubeide_1.5.0/plugins/com.st.stm32cube.ide.mcu.externaltools.gnu-tools-for-stm32.9-2020-q2-update.linux64_2.0.0.202105311346/tools/bin/../lib/gcc/arm-none-eabi/9.3.1/../../../../arm-none-eabi/lib/thumb/v7e-m+fp/hard/libc_nano.a(lib_a-isattyr.o)
                0x000000000800b45c                _isatty_r
 .text._lseek_r
                0x000000000800b47c       0x24 /opt/st/stm32cubeide_1.5.0/plugins/com.st.stm32cube.ide.mcu.externaltools.gnu-tools-for-stm32.9-2020-q2-update.linux64_2.0.0.202105311346/tools/bin/../lib/gcc/arm-none-eabi/9.3.1/../../../../arm-none-eabi/lib/thumb/v7e-m+fp/hard/libc_nano.a(lib_a-lseekr.o)
                0x000000000800b47c                _lseek_r
 .text.__ascii_mbtowc
                0x000000000800b4a0       0x24 /opt/st/stm32cubeide_1.5.0/plugins/com.st.stm32cube.ide.mcu.externaltools.gnu-tools-for-stm32.9-2020-q2-update.linux64_2.0.0.202105311346/tools/bin/../lib/gcc/arm-none-eabi/9.3.1/../../../../arm-none-eabi/lib/thumb/v7e-m+fp/hard/libc_nano.a(lib_a-mbtowc_r.o)
                0x000000000800b4a0                __ascii_mbtowc
 .text.__malloc_lock
                0x000000000800b4c4        0xc /opt/st/stm32cubeide_1.5.0/plugins/com.st.stm32cube.ide.mcu.externaltools.gnu-tools-for-stm32.9-2020-q2-update.linux64_2.0.0.202105311346/tools/bin/../lib/gcc/arm-none-eabi/9.3.1/../../../../arm-none-eabi/lib/thumb/v7e-m+fp/hard/libc_nano.a(lib_a-mlock.o)
                0x000000000800b4c4                __malloc_lock
 .text.__malloc_unlock
                0x000000000800b4d0        0xc /opt/st/stm32cubeide_1.5.0/plugins/com.st.stm32cube.ide.mcu.externaltools.gnu-tools-for-stm32.9-2020-q2-update.linux64_2.0.0.202105311346/tools/bin/../lib/gcc/arm-none-eabi/9.3.1/../../../../arm-none-eabi/lib/thumb/v7e-m+fp/hard/libc_nano.a(lib_a-mlock.o)
                0x000000000800b4d0                __malloc_unlock
 .text._read_r  0x000000000800b4dc       0x24 /opt/st/stm32cubeide_1.5.0/plugins/com.st.stm32cube.ide.mcu.externaltools.gnu-tools-for-stm32.9-2020-q2-update.linux64_2.0.0.202105311346/tools/bin/../lib/gcc/arm-none-eabi/9.3.1/../../../../arm-none-eabi/lib/thumb/v7e-m+fp/hard/libc_nano.a(lib_a-readr.o)
                0x000000000800b4dc                _read_r
 .text.__ascii_wctomb
                0x000000000800b500       0x1a /opt/st/stm32cubeide_1.5.0/plugins/com.st.stm32cube.ide.mcu.externaltools.gnu-tools-for-stm32.9-2020-q2-update.linux64_2.0.0.202105311346/tools/bin/../lib/gcc/arm-none-eabi/9.3.1/../../../../arm-none-eabi/lib/thumb/v7e-m+fp/hard/libc_nano.a(lib_a-wctomb_r.o)
                0x000000000800b500                __ascii_wctomb
 .text.abort    0x000000000800b51a        0xe /opt/st/stm32cubeide_1.5.0/plugins/com.st.stm32cube.ide.mcu.externaltools.gnu-tools-for-stm32.9-2020-q2-update.linux64_2.0.0.202105311346/tools/bin/../lib/gcc/arm-none-eabi/9.3.1/../../../../arm-none-eabi/lib/thumb/v7e-m+fp/hard/libc_nano.a(lib_a-abort.o)
                0x000000000800b51a                abort
 .text._raise_r
                0x000000000800b528       0x50 /opt/st/stm32cubeide_1.5.0/plugins/com.st.stm32cube.ide.mcu.externaltools.gnu-tools-for-stm32.9-2020-q2-update.linux64_2.0.0.202105311346/tools/bin/../lib/gcc/arm-none-eabi/9.3.1/../../../../arm-none-eabi/lib/thumb/v7e-m+fp/hard/libc_nano.a(lib_a-signal.o)
                0x000000000800b528                _raise_r
 .text.raise    0x000000000800b578       0x10 /opt/st/stm32cubeide_1.5.0/plugins/com.st.stm32cube.ide.mcu.externaltools.gnu-tools-for-stm32.9-2020-q2-update.linux64_2.0.0.202105311346/tools/bin/../lib/gcc/arm-none-eabi/9.3.1/../../../../arm-none-eabi/lib/thumb/v7e-m+fp/hard/libc_nano.a(lib_a-signal.o)
                0x000000000800b578                raise
 .text._kill_r  0x000000000800b588       0x24 /opt/st/stm32cubeide_1.5.0/plugins/com.st.stm32cube.ide.mcu.externaltools.gnu-tools-for-stm32.9-2020-q2-update.linux64_2.0.0.202105311346/tools/bin/../lib/gcc/arm-none-eabi/9.3.1/../../../../arm-none-eabi/lib/thumb/v7e-m+fp/hard/libc_nano.a(lib_a-signalr.o)
                0x000000000800b588                _kill_r
 .text._getpid_r
                0x000000000800b5ac        0x4 /opt/st/stm32cubeide_1.5.0/plugins/com.st.stm32cube.ide.mcu.externaltools.gnu-tools-for-stm32.9-2020-q2-update.linux64_2.0.0.202105311346/tools/bin/../lib/gcc/arm-none-eabi/9.3.1/../../../../arm-none-eabi/lib/thumb/v7e-m+fp/hard/libc_nano.a(lib_a-signalr.o)
                0x000000000800b5ac                _getpid_r
 .text.cosf     0x000000000800b5b0       0x80 /opt/st/stm32cubeide_1.5.0/plugins/com.st.stm32cube.ide.mcu.externaltools.gnu-tools-for-stm32.9-2020-q2-update.linux64_2.0.0.202105311346/tools/bin/../lib/gcc/arm-none-eabi/9.3.1/../../../../arm-none-eabi/lib/thumb/v7e-m+fp/hard/libm.a(lib_a-sf_cos.o)
                0x000000000800b5b0                cosf
 .text.floorf   0x000000000800b630       0x84 /opt/st/stm32cubeide_1.5.0/plugins/com.st.stm32cube.ide.mcu.externaltools.gnu-tools-for-stm32.9-2020-q2-update.linux64_2.0.0.202105311346/tools/bin/../lib/gcc/arm-none-eabi/9.3.1/../../../../arm-none-eabi/lib/thumb/v7e-m+fp/hard/libm.a(lib_a-sf_floor.o)
                0x000000000800b630                floorf
 .text.sinf     0x000000000800b6b4       0x84 /opt/st/stm32cubeide_1.5.0/plugins/com.st.stm32cube.ide.mcu.externaltools.gnu-tools-for-stm32.9-2020-q2-update.linux64_2.0.0.202105311346/tools/bin/../lib/gcc/arm-none-eabi/9.3.1/../../../../arm-none-eabi/lib/thumb/v7e-m+fp/hard/libm.a(lib_a-sf_sin.o)
                0x000000000800b6b4                sinf
 .text.acosf    0x000000000800b738       0x64 /opt/st/stm32cubeide_1.5.0/plugins/com.st.stm32cube.ide.mcu.externaltools.gnu-tools-for-stm32.9-2020-q2-update.linux64_2.0.0.202105311346/tools/bin/../lib/gcc/arm-none-eabi/9.3.1/../../../../arm-none-eabi/lib/thumb/v7e-m+fp/hard/libm.a(lib_a-wf_acos.o)
                0x000000000800b738                acosf
 .text.expf     0x000000000800b79c       0x7c /opt/st/stm32cubeide_1.5.0/plugins/com.st.stm32cube.ide.mcu.externaltools.gnu-tools-for-stm32.9-2020-q2-update.linux64_2.0.0.202105311346/tools/bin/../lib/gcc/arm-none-eabi/9.3.1/../../../../arm-none-eabi/lib/thumb/v7e-m+fp/hard/libm.a(lib_a-wf_exp.o)
                0x000000000800b79c                expf
 .text.logf     0x000000000800b818       0x6c /opt/st/stm32cubeide_1.5.0/plugins/com.st.stm32cube.ide.mcu.externaltools.gnu-tools-for-stm32.9-2020-q2-update.linux64_2.0.0.202105311346/tools/bin/../lib/gcc/arm-none-eabi/9.3.1/../../../../arm-none-eabi/lib/thumb/v7e-m+fp/hard/libm.a(lib_a-wf_log.o)
                0x000000000800b818                logf
 .text.sqrtf    0x000000000800b884       0x4c /opt/st/stm32cubeide_1.5.0/plugins/com.st.stm32cube.ide.mcu.externaltools.gnu-tools-for-stm32.9-2020-q2-update.linux64_2.0.0.202105311346/tools/bin/../lib/gcc/arm-none-eabi/9.3.1/../../../../arm-none-eabi/lib/thumb/v7e-m+fp/hard/libm.a(lib_a-wf_sqrt.o)
                0x000000000800b884                sqrtf
 .text.__ieee754_acosf
                0x000000000800b8d0      0x1f4 /opt/st/stm32cubeide_1.5.0/plugins/com.st.stm32cube.ide.mcu.externaltools.gnu-tools-for-stm32.9-2020-q2-update.linux64_2.0.0.202105311346/tools/bin/../lib/gcc/arm-none-eabi/9.3.1/../../../../arm-none-eabi/lib/thumb/v7e-m+fp/hard/libm.a(lib_a-ef_acos.o)
                0x000000000800b8d0                __ieee754_acosf
 .text.__ieee754_expf
                0x000000000800bac4      0x1a8 /opt/st/stm32cubeide_1.5.0/plugins/com.st.stm32cube.ide.mcu.externaltools.gnu-tools-for-stm32.9-2020-q2-update.linux64_2.0.0.202105311346/tools/bin/../lib/gcc/arm-none-eabi/9.3.1/../../../../arm-none-eabi/lib/thumb/v7e-m+fp/hard/libm.a(lib_a-ef_exp.o)
                0x000000000800bac4                __ieee754_expf
 .text.__ieee754_logf
                0x000000000800bc6c      0x1e0 /opt/st/stm32cubeide_1.5.0/plugins/com.st.stm32cube.ide.mcu.externaltools.gnu-tools-for-stm32.9-2020-q2-update.linux64_2.0.0.202105311346/tools/bin/../lib/gcc/arm-none-eabi/9.3.1/../../../../arm-none-eabi/lib/thumb/v7e-m+fp/hard/libm.a(lib_a-ef_log.o)
                0x000000000800bc6c                __ieee754_logf
 .text.__ieee754_rem_pio2f
                0x000000000800be4c      0x278 /opt/st/stm32cubeide_1.5.0/plugins/com.st.stm32cube.ide.mcu.externaltools.gnu-tools-for-stm32.9-2020-q2-update.linux64_2.0.0.202105311346/tools/bin/../lib/gcc/arm-none-eabi/9.3.1/../../../../arm-none-eabi/lib/thumb/v7e-m+fp/hard/libm.a(lib_a-ef_rem_pio2.o)
                0x000000000800be4c                __ieee754_rem_pio2f
 .text.__ieee754_sqrtf
                0x000000000800c0c4        0x6 /opt/st/stm32cubeide_1.5.0/plugins/com.st.stm32cube.ide.mcu.externaltools.gnu-tools-for-stm32.9-2020-q2-update.linux64_2.0.0.202105311346/tools/bin/../lib/gcc/arm-none-eabi/9.3.1/../../../../arm-none-eabi/lib/thumb/v7e-m+fp/hard/libm.a(lib_a-ef_sqrt.o)
                0x000000000800c0c4                __ieee754_sqrtf
 *fill*         0x000000000800c0ca        0x2 
 .text.__kernel_cosf
                0x000000000800c0cc       0xc0 /opt/st/stm32cubeide_1.5.0/plugins/com.st.stm32cube.ide.mcu.externaltools.gnu-tools-for-stm32.9-2020-q2-update.linux64_2.0.0.202105311346/tools/bin/../lib/gcc/arm-none-eabi/9.3.1/../../../../arm-none-eabi/lib/thumb/v7e-m+fp/hard/libm.a(lib_a-kf_cos.o)
                0x000000000800c0cc                __kernel_cosf
 .text.__kernel_rem_pio2f
                0x000000000800c18c      0x514 /opt/st/stm32cubeide_1.5.0/plugins/com.st.stm32cube.ide.mcu.externaltools.gnu-tools-for-stm32.9-2020-q2-update.linux64_2.0.0.202105311346/tools/bin/../lib/gcc/arm-none-eabi/9.3.1/../../../../arm-none-eabi/lib/thumb/v7e-m+fp/hard/libm.a(lib_a-kf_rem_pio2.o)
                0x000000000800c18c                __kernel_rem_pio2f
 .text.__kernel_sinf
                0x000000000800c6a0       0x90 /opt/st/stm32cubeide_1.5.0/plugins/com.st.stm32cube.ide.mcu.externaltools.gnu-tools-for-stm32.9-2020-q2-update.linux64_2.0.0.202105311346/tools/bin/../lib/gcc/arm-none-eabi/9.3.1/../../../../arm-none-eabi/lib/thumb/v7e-m+fp/hard/libm.a(lib_a-kf_sin.o)
                0x000000000800c6a0                __kernel_sinf
 .text.fabsf    0x000000000800c730        0xe /opt/st/stm32cubeide_1.5.0/plugins/com.st.stm32cube.ide.mcu.externaltools.gnu-tools-for-stm32.9-2020-q2-update.linux64_2.0.0.202105311346/tools/bin/../lib/gcc/arm-none-eabi/9.3.1/../../../../arm-none-eabi/lib/thumb/v7e-m+fp/hard/libm.a(lib_a-sf_fabs.o)
                0x000000000800c730                fabsf
 .text.finitef  0x000000000800c73e       0x1a /opt/st/stm32cubeide_1.5.0/plugins/com.st.stm32cube.ide.mcu.externaltools.gnu-tools-for-stm32.9-2020-q2-update.linux64_2.0.0.202105311346/tools/bin/../lib/gcc/arm-none-eabi/9.3.1/../../../../arm-none-eabi/lib/thumb/v7e-m+fp/hard/libm.a(lib_a-sf_finite.o)
                0x000000000800c73e                finitef
 .text.nanf     0x000000000800c758        0xc /opt/st/stm32cubeide_1.5.0/plugins/com.st.stm32cube.ide.mcu.externaltools.gnu-tools-for-stm32.9-2020-q2-update.linux64_2.0.0.202105311346/tools/bin/../lib/gcc/arm-none-eabi/9.3.1/../../../../arm-none-eabi/lib/thumb/v7e-m+fp/hard/libm.a(lib_a-sf_nan.o)
                0x000000000800c758                nanf
 .text.scalbnf  0x000000000800c764       0xe4 /opt/st/stm32cubeide_1.5.0/plugins/com.st.stm32cube.ide.mcu.externaltools.gnu-tools-for-stm32.9-2020-q2-update.linux64_2.0.0.202105311346/tools/bin/../lib/gcc/arm-none-eabi/9.3.1/../../../../arm-none-eabi/lib/thumb/v7e-m+fp/hard/libm.a(lib_a-sf_scalbn.o)
                0x000000000800c764                scalbnf
 *(.glue_7)
 .glue_7        0x000000000800c848        0x0 linker stubs
 *(.glue_7t)
 .glue_7t       0x000000000800c848        0x0 linker stubs
 *(.eh_frame)
 .eh_frame      0x000000000800c848        0x0 /opt/st/stm32cubeide_1.5.0/plugins/com.st.stm32cube.ide.mcu.externaltools.gnu-tools-for-stm32.9-2020-q2-update.linux64_2.0.0.202105311346/tools/bin/../lib/gcc/arm-none-eabi/9.3.1/thumb/v7e-m+fp/hard/crtbegin.o
 *(.init)
 .init          0x000000000800c848        0x4 /opt/st/stm32cubeide_1.5.0/plugins/com.st.stm32cube.ide.mcu.externaltools.gnu-tools-for-stm32.9-2020-q2-update.linux64_2.0.0.202105311346/tools/bin/../lib/gcc/arm-none-eabi/9.3.1/thumb/v7e-m+fp/hard/crti.o
                0x000000000800c848                _init
 .init          0x000000000800c84c        0x8 /opt/st/stm32cubeide_1.5.0/plugins/com.st.stm32cube.ide.mcu.externaltools.gnu-tools-for-stm32.9-2020-q2-update.linux64_2.0.0.202105311346/tools/bin/../lib/gcc/arm-none-eabi/9.3.1/thumb/v7e-m+fp/hard/crtn.o